Archive member included to satisfy reference by file (symbol)

c:/spc5studio-6.0/eclipse/plugins/com.st.tools.spc5.tools.gnu.gcc.ppcvle.win32_4.9.4.20200908161514/toolchain/bin/../lib/gcc/powerpc-eabivle/4.9.4/../../../../powerpc-eabivle/lib/e200z4\libc.a(lib_a-memcpy.o)
                              build/obj/can_lld.o (memcpy)
c:/spc5studio-6.0/eclipse/plugins/com.st.tools.spc5.tools.gnu.gcc.ppcvle.win32_4.9.4.20200908161514/toolchain/bin/../lib/gcc/powerpc-eabivle/4.9.4/../../../../powerpc-eabivle/lib/e200z4\libc.a(lib_a-memset.o)
                              build/obj/osal.o (memset)
c:/spc5studio-6.0/eclipse/plugins/com.st.tools.spc5.tools.gnu.gcc.ppcvle.win32_4.9.4.20200908161514/toolchain/bin/../lib/gcc/powerpc-eabivle/4.9.4/e200z4\libgcc.a(_fixunsdfsi.o)
                              build/obj/main.o (__fixunsdfsi)
c:/spc5studio-6.0/eclipse/plugins/com.st.tools.spc5.tools.gnu.gcc.ppcvle.win32_4.9.4.20200908161514/toolchain/bin/../lib/gcc/powerpc-eabivle/4.9.4/e200z4\libgcc.a(_gt_sf.o)
                              build/obj/main.o (__gtsf2)
c:/spc5studio-6.0/eclipse/plugins/com.st.tools.spc5.tools.gnu.gcc.ppcvle.win32_4.9.4.20200908161514/toolchain/bin/../lib/gcc/powerpc-eabivle/4.9.4/e200z4\libgcc.a(_sf_to_df.o)
                              build/obj/main.o (__extendsfdf2)
c:/spc5studio-6.0/eclipse/plugins/com.st.tools.spc5.tools.gnu.gcc.ppcvle.win32_4.9.4.20200908161514/toolchain/bin/../lib/gcc/powerpc-eabivle/4.9.4/e200z4\libgcc.a(_addsub_df.o)
                              c:/spc5studio-6.0/eclipse/plugins/com.st.tools.spc5.tools.gnu.gcc.ppcvle.win32_4.9.4.20200908161514/toolchain/bin/../lib/gcc/powerpc-eabivle/4.9.4/e200z4\libgcc.a(_fixunsdfsi.o) (__subdf3)
c:/spc5studio-6.0/eclipse/plugins/com.st.tools.spc5.tools.gnu.gcc.ppcvle.win32_4.9.4.20200908161514/toolchain/bin/../lib/gcc/powerpc-eabivle/4.9.4/e200z4\libgcc.a(_div_df.o)
                              build/obj/main.o (__divdf3)
c:/spc5studio-6.0/eclipse/plugins/com.st.tools.spc5.tools.gnu.gcc.ppcvle.win32_4.9.4.20200908161514/toolchain/bin/../lib/gcc/powerpc-eabivle/4.9.4/e200z4\libgcc.a(_ge_df.o)
                              c:/spc5studio-6.0/eclipse/plugins/com.st.tools.spc5.tools.gnu.gcc.ppcvle.win32_4.9.4.20200908161514/toolchain/bin/../lib/gcc/powerpc-eabivle/4.9.4/e200z4\libgcc.a(_fixunsdfsi.o) (__gedf2)
c:/spc5studio-6.0/eclipse/plugins/com.st.tools.spc5.tools.gnu.gcc.ppcvle.win32_4.9.4.20200908161514/toolchain/bin/../lib/gcc/powerpc-eabivle/4.9.4/e200z4\libgcc.a(_df_to_si.o)
                              c:/spc5studio-6.0/eclipse/plugins/com.st.tools.spc5.tools.gnu.gcc.ppcvle.win32_4.9.4.20200908161514/toolchain/bin/../lib/gcc/powerpc-eabivle/4.9.4/e200z4\libgcc.a(_fixunsdfsi.o) (__fixdfsi)
c:/spc5studio-6.0/eclipse/plugins/com.st.tools.spc5.tools.gnu.gcc.ppcvle.win32_4.9.4.20200908161514/toolchain/bin/../lib/gcc/powerpc-eabivle/4.9.4/e200z4\libgcc.a(_make_df.o)
                              c:/spc5studio-6.0/eclipse/plugins/com.st.tools.spc5.tools.gnu.gcc.ppcvle.win32_4.9.4.20200908161514/toolchain/bin/../lib/gcc/powerpc-eabivle/4.9.4/e200z4\libgcc.a(_sf_to_df.o) (__make_dp)
c:/spc5studio-6.0/eclipse/plugins/com.st.tools.spc5.tools.gnu.gcc.ppcvle.win32_4.9.4.20200908161514/toolchain/bin/../lib/gcc/powerpc-eabivle/4.9.4/e200z4\libgcc.a(_thenan_df.o)
                              c:/spc5studio-6.0/eclipse/plugins/com.st.tools.spc5.tools.gnu.gcc.ppcvle.win32_4.9.4.20200908161514/toolchain/bin/../lib/gcc/powerpc-eabivle/4.9.4/e200z4\libgcc.a(_addsub_df.o) (__thenan_df)
c:/spc5studio-6.0/eclipse/plugins/com.st.tools.spc5.tools.gnu.gcc.ppcvle.win32_4.9.4.20200908161514/toolchain/bin/../lib/gcc/powerpc-eabivle/4.9.4/e200z4\libgcc.a(_unpack_sf.o)
                              c:/spc5studio-6.0/eclipse/plugins/com.st.tools.spc5.tools.gnu.gcc.ppcvle.win32_4.9.4.20200908161514/toolchain/bin/../lib/gcc/powerpc-eabivle/4.9.4/e200z4\libgcc.a(_gt_sf.o) (__unpack_f)
c:/spc5studio-6.0/eclipse/plugins/com.st.tools.spc5.tools.gnu.gcc.ppcvle.win32_4.9.4.20200908161514/toolchain/bin/../lib/gcc/powerpc-eabivle/4.9.4/e200z4\libgcc.a(_fpcmp_parts_sf.o)
                              c:/spc5studio-6.0/eclipse/plugins/com.st.tools.spc5.tools.gnu.gcc.ppcvle.win32_4.9.4.20200908161514/toolchain/bin/../lib/gcc/powerpc-eabivle/4.9.4/e200z4\libgcc.a(_gt_sf.o) (__fpcmp_parts_f)
c:/spc5studio-6.0/eclipse/plugins/com.st.tools.spc5.tools.gnu.gcc.ppcvle.win32_4.9.4.20200908161514/toolchain/bin/../lib/gcc/powerpc-eabivle/4.9.4/e200z4\libgcc.a(_pack_df.o)
                              c:/spc5studio-6.0/eclipse/plugins/com.st.tools.spc5.tools.gnu.gcc.ppcvle.win32_4.9.4.20200908161514/toolchain/bin/../lib/gcc/powerpc-eabivle/4.9.4/e200z4\libgcc.a(_addsub_df.o) (__pack_d)
c:/spc5studio-6.0/eclipse/plugins/com.st.tools.spc5.tools.gnu.gcc.ppcvle.win32_4.9.4.20200908161514/toolchain/bin/../lib/gcc/powerpc-eabivle/4.9.4/e200z4\libgcc.a(_unpack_df.o)
[...]
Memory Configuration

Name             Origin             Length             Attributes
hsmflash         0x0060c000         0x00024000
dataflash        0x00800000         0x00020000
flash            0x00fc0000         0x00400000
ram              0x400a8000         0x00060000
dram0            0x50800000         0x00010000
dram2            0x52800000         0x00010000
*default*        0x00000000         0xffffffff

Linker script and memory map

LOAD build/obj/boot.o
LOAD build/obj/crt0.o
LOAD build/obj/portasm.o
LOAD build/obj/vectors.o
LOAD build/obj/ivor.o
LOAD build/obj/core0.o
LOAD build/obj/cache.o
LOAD build/obj/spc5_lld.o
LOAD build/obj/spc5_edma.o
LOAD build/obj/can_lld.o
LOAD build/obj/croutine.o
LOAD build/obj/list.o
LOAD build/obj/event_groups.o
LOAD build/obj/queue.o
LOAD build/obj/stream_buffer.o
LOAD build/obj/tasks.o
LOAD build/obj/timers.o
LOAD build/obj/port.o
LOAD build/obj/heap_4.o
LOAD build/obj/pal.o
LOAD build/obj/clock.o
LOAD build/obj/irq.o
LOAD build/obj/eirq.o
LOAD build/obj/swirq.o
LOAD build/obj/osal.o
LOAD build/obj/systimer.o
LOAD build/obj/can_lld_cfg.o
LOAD build/obj/board.o
LOAD build/obj/irq_cfg.o
LOAD build/obj/eirq_cfg.o
LOAD build/obj/swirq_cfg.o
LOAD build/obj/main.o
LOAD build/obj/crc.o
LOAD build/obj/components.o
LOAD c:/spc5studio-6.0/eclipse/plugins/com.st.tools.spc5.tools.gnu.gcc.ppcvle.win32_4.9.4.20200908161514/toolchain/bin/../lib/gcc/powerpc-eabivle/4.9.4/../../../../powerpc-eabivle/lib/e200z4\libm.a
LOAD c:/spc5studio-6.0/eclipse/plugins/com.st.tools.spc5.tools.gnu.gcc.ppcvle.win32_4.9.4.20200908161514/toolchain/bin/../lib/gcc/powerpc-eabivle/4.9.4/../../../../powerpc-eabivle/lib/e200z4\libc.a
                0x00000000                __irq_stack_size__ = 0x0
                0x00001000                __process_stack_size__ = 0x1000
                0x00000000                __core0_irq_stack_size__ = 0x0
                0x00000800                __core0_process_stack_size__ = 0x800
                0x00400000                __flash_size__ = LENGTH (flash)
                0x00fc0000                __flash_start__ = ORIGIN (flash)
                0x013c0000                __flash_end__ = (ORIGIN (flash) + LENGTH (flash))
                0x00060000                __ram_size__ = LENGTH (ram)
                0x400a8000                __ram_start__ = ORIGIN (ram)
                0x40108000                __ram_end__ = (ORIGIN (ram) + LENGTH (ram))
                0x00010000                __dram0_size__ = LENGTH (dram0)
                0x50800000                __dram0_start__ = ORIGIN (dram0)
                0x50810000                __dram0_end__ = (ORIGIN (dram0) + LENGTH (dram0))
                0x00010000                __dram2_size__ = LENGTH (dram2)
                0x52800000                __dram2_start__ = ORIGIN (dram2)
                0x52810000                __dram2_end__ = (ORIGIN (dram2) + LENGTH (dram2))
                0x00fc0000                . = ORIGIN (flash)

.boot0          0x00fc0000      0x462
 *(.boot)
 .boot          0x00fc0000      0x1f2 build/obj/boot.o
                0x00fc000c                _reset_address0
                0x00fc0030                _reset_address2
                0x00fc005c                _boot_address0
 *(.handlers)
 *fill*         0x00fc01f2        0xe 
 .handlers      0x00fc0200        0x6 build/obj/boot.o
                0x00fc0200                _C0_IVOR15
                0x00fc0200                _C0_IVOR1
                0x00fc0200                _C0_IVOR14
                0x00fc0200                _C0_IVOR12
                0x00fc0200                _C0_IVOR7
                0x00fc0200                _C0_IVOR2
                0x00fc0200                _C0_IVOR8
                0x00fc0200                _C0_IVOR5
                0x00fc0200                _C0_IVOR11
                0x00fc0200                _C0_IVOR9
                0x00fc0200                _C0_IVOR13
                0x00fc0200                _unhandled_exception0
                0x00fc0200                _C0_IVOR6
                0x00fc0200                _C0_IVOR0
                0x00fc0200                _C0_IVOR3
                0x00fc0204                _IVOR0
                0x00fc0204                _IVOR12
                0x00fc0204                _IVOR9
                0x00fc0204                _IVOR1
                0x00fc0204                _unhandled_exception2
                0x00fc0204                _IVOR14
                0x00fc0204                _IVOR6
                0x00fc0204                _IVOR5
                0x00fc0204                _IVOR13
                0x00fc0204                _IVOR3
                0x00fc0204                _IVOR7
                0x00fc0204                _IVOR2
                0x00fc0204                _IVOR11
                0x00fc0204                _IVOR15
 *fill*         0x00fc0206        0xa 
 .handlers      0x00fc0210      0x1c2 build/obj/portasm.o
                0x00fc0210                _IVOR8
                0x00fc02b0                _IVOR4
                0x00fc0380                vPortStartFirstTask
 *(.crt0)
 *fill*         0x00fc03d2        0xe 
 .crt0          0x00fc03e0       0x82 build/obj/crt0.o
                0x00fc03e0                _boot_address
                0x00fc0458                _main_exit_handler
                0x00fc045e                __late_init
                0x00fc0460                __eabi

.boot1          0x00fc0470     0x1b92
                0x00fc0500                . = ALIGN (0x100)
 *fill*         0x00fc0470       0x90 
                0x00fc0500                __ivpr0_base__ = .
 *(.core0_ivors)
 .core0_ivors   0x00fc0500       0xf4 build/obj/boot.o
                0x00fc0500                C0_IVORS
                0x00fc0600                . = ALIGN (0x100)
 *fill*         0x00fc05f4        0xc 
                0x00fc0600                __ivpr2_base__ = .
 *(.core2_ivors)
 .core2_ivors   0x00fc0600       0xf4 build/obj/boot.o
                0x00fc0600                IVORS
                0x00fc1000                . = ALIGN (0x1000)
 *fill*         0x00fc06f4      0x90c 
 *(.vectors)
 .vectors       0x00fc1000     0x1002 build/obj/vectors.o
                0x00fc1000                _vectors
                0x00fc2000                vector276
                0x00fc2000                vector827
                0x00fc2000                vector403
                0x00fc2000                vector444
                0x00fc2000                vector837
                0x00fc2000                vector646
                0x00fc2000                vector120
                0x00fc2000                vector710
                0x00fc2000                vector548
                0x00fc2000                vector464
                0x00fc2000                vector198
                0x00fc2000                vector971
                0x00fc2000                vector937
                0x00fc2000                vector723
                0x00fc2000                vector15
                0x00fc2000                vector769
                0x00fc2000                vector569
                0x00fc2000                vector664
                0x00fc2000                vector294
                0x00fc2000                vector529
                0x00fc2000                vector722
                0x00fc2000                vector725
                0x00fc2000                vector848
                0x00fc2000                vector1017
                0x00fc2000                vector501
                0x00fc2000                vector151
                0x00fc2000                vector487
                0x00fc2000                vector50
                0x00fc2000                vector25
                0x00fc2000                vector234
                0x00fc2000                vector387
                0x00fc2000                vector933
                0x00fc2000                vector602
                0x00fc2000                vector232
                0x00fc2000                vector635
                0x00fc2000                vector878
                0x00fc2000                vector407
                0x00fc2000                vector757
                0x00fc2000                vector772
                0x00fc2000                vector729
                0x00fc2000                vector342
                0x00fc2000                vector149
                0x00fc2000                vector265
                0x00fc2000                vector880
                0x00fc2000                vector401
                0x00fc2000                vector1003
                0x00fc2000                vector759
                0x00fc2000                vector982
                0x00fc2000                vector774
                0x00fc2000                vector604
                0x00fc2000                vector163
                0x00fc2000                vector513
                0x00fc2000                vector351
                0x00fc2000                vector481
                0x00fc2000                vector220
                0x00fc2000                vector835
                0x00fc2000                vector421
                0x00fc2000                vector179
                0x00fc2000                vector764
                0x00fc2000                vector990
                0x00fc2000                vector308
                0x00fc2000                vector537
                0x00fc2000                vector187
                0x00fc2000                vector1015
                0x00fc2000                vector804
                0x00fc2000                vector909
                0x00fc2000                vector886
                0x00fc2000                vector424
                0x00fc2000                vector843
                0x00fc2000                vector467
                0x00fc2000                vector680
                0x00fc2000                vector225
                0x00fc2000                vector370
                0x00fc2000                vector337
                0x00fc2000                vector739
                0x00fc2000                vector1009
                0x00fc2000                vector814
                0x00fc2000                vector542
                0x00fc2000                vector192
                0x00fc2000                vector516
                0x00fc2000                vector551
                0x00fc2000                vector127
                0x00fc2000                vector302
                0x00fc2000                vector30
                0x00fc2000                vector841
                0x00fc2000                vector382
                0x00fc2000                vector883
                0x00fc2000                vector599
                0x00fc2000                vector494
                0x00fc2000                vector556
                0x00fc2000                vector743
                0x00fc2000                vector437
                0x00fc2000                vector1023
                0x00fc2000                vector134
                0x00fc2000                vector223
                0x00fc2000                vector988
                0x00fc2000                vector46
                0x00fc2000                vector786
                0x00fc2000                vector794
                0x00fc2000                vector638
                0x00fc2000                vector268
                0x00fc2000                vector34
                0x00fc2000                vector881
                0x00fc2000                vector945
                0x00fc2000                vector892
                0x00fc2000                vector662
                0x00fc2000                vector292
                0x00fc2000                vector325
                0x00fc2000                vector367
                0x00fc2000                vector386
                0x00fc2000                vector994
                0x00fc2000                vector218
                0x00fc2000                vector410
                0x00fc2000                vector322
                0x00fc2000                vector888
                0x00fc2000                vector713
                0x00fc2000                vector341
                0x00fc2000                vector393
                0x00fc2000                vector8
                0x00fc2000                vector582
                0x00fc2000                vector634
                0x00fc2000                vector264
                0x00fc2000                vector916
                0x00fc2000                vector842
                0x00fc2000                vector510
                0x00fc2000                vector887
                0x00fc2000                vector927
                0x00fc2000                vector511
                0x00fc2000                vector161
                0x00fc2000                vector472
                0x00fc2000                vector628
                0x00fc2000                vector258
                0x00fc2000                vector160
                0x00fc2000                vector344
                0x00fc2000                vector559
                0x00fc2000                vector490
                0x00fc2000                vector727
                0x00fc2000                vector423
                0x00fc2000                vector995
                0x00fc2000                vector826
                0x00fc2000                vector416
                0x00fc2000                vector157
                0x00fc2000                vector215
                0x00fc2000                vector352
                0x00fc2000                vector347
                0x00fc2000                vector389
                0x00fc2000                vector507
                0x00fc2000                vector908
                0x00fc2000                vector205
                0x00fc2000                vector364
                0x00fc2000                vector596
                0x00fc2000                vector555
                0x00fc2000                vector681
                0x00fc2000                vector904
                0x00fc2000                vector850
                0x00fc2000                vector197
                0x00fc2000                vector547
                0x00fc2000                vector893
                0x00fc2000                vector553
                0x00fc2000                vector129
                0x00fc2000                vector455
                0x00fc2000                vector920
                0x00fc2000                vector502
                0x00fc2000                vector152
                0x00fc2000                vector838
                0x00fc2000                vector459
                0x00fc2000                vector823
                0x00fc2000                vector868
                0x00fc2000                vector37
                0x00fc2000                vector690
                0x00fc2000                vector339
                0x00fc2000                vector415
                0x00fc2000                vector972
                0x00fc2000                vector598
                0x00fc2000                vector600
                0x00fc2000                vector230
                0x00fc2000                vector761
                0x00fc2000                vector532
                0x00fc2000                vector182
                0x00fc2000                vector469
                0x00fc2000                vector273
                0x00fc2000                vector523
                0x00fc2000                vector173
                0x00fc2000                vector637
                0x00fc2000                vector643
                0x00fc2000                vector44
                0x00fc2000                vector731
                0x00fc2000                vector830
                0x00fc2000                vector991
                0x00fc2000                vector670
                0x00fc2000                vector49
                0x00fc2000                vector267
                0x00fc2000                vector117
                0x00fc2000                vector566
                0x00fc2000                vector485
                0x00fc2000                vector675
                0x00fc2000                vector704
                0x00fc2000                vector222
                0x00fc2000                vector978
                0x00fc2000                vector426
                0x00fc2000                vector379
                0x00fc2000                vector956
                0x00fc2000                vector442
                0x00fc2000                vector911
                0x00fc2000                vector336
                0x00fc2000                vector686
                0x00fc2000                vector943
                0x00fc2000                vector818
                0x00fc2000                vector572
                0x00fc2000                vector712
                0x00fc2000                vector321
                0x00fc2000                vector575
                0x00fc2000                vector1002
                0x00fc2000                vector383
                0x00fc2000                vector309
                0x00fc2000                vector719
                0x00fc2000                vector466
                0x00fc2000                vector950
                0x00fc2000                vector1000
                0x00fc2000                vector12
                0x00fc2000                vector1007
                0x00fc2000                vector20
                0x00fc2000                vector986
                0x00fc2000                vector863
                0x00fc2000                vector18
                0x00fc2000                vector366
                0x00fc2000                vector776
                0x00fc2000                vector491
                0x00fc2000                vector456
                0x00fc2000                vector417
                0x00fc2000                vector286
                0x00fc2000                vector319
                0x00fc2000                vector907
                0x00fc2000                vector873
                0x00fc2000                vector656
                0x00fc2000                vector303
                0x00fc2000                vector166
                0x00fc2000                vector434
                0x00fc2000                vector594
                0x00fc2000                vector489
                0x00fc2000                vector931
                0x00fc2000                vector658
                0x00fc2000                vector288
                0x00fc2000                vector564
                0x00fc2000                vector861
                0x00fc2000                vector906
                0x00fc2000                vector184
                0x00fc2000                vector577
                0x00fc2000                vector683
                0x00fc2000                vector358
                0x00fc2000                vector446
                0x00fc2000                vector326
                0x00fc2000                vector207
                0x00fc2000                vector915
                0x00fc2000                vector585
                0x00fc2000                vector636
                0x00fc2000                vector266
                0x00fc2000                vector411
                0x00fc2000                vector692
                0x00fc2000                vector188
                0x00fc2000                vector538
                0x00fc2000                vector540
                0x00fc2000                vector190
                0x00fc2000                vector609
                0x00fc2000                vector239
                0x00fc2000                vector567
                0x00fc2000                vector534
                0x00fc2000                vector360
                0x00fc2000                vector17
                0x00fc2000                vector1005
                0x00fc2000                vector654
                0x00fc2000                vector284
                0x00fc2000                vector452
                0x00fc2000                vector782
                0x00fc2000                vector831
                0x00fc2000                vector685
                0x00fc2000                vector766
                0x00fc2000                vector633
                0x00fc2000                vector263
                0x00fc2000                vector581
                0x00fc2000                vector882
                0x00fc2000                vector768
                0x00fc2000                vector869
                0x00fc2000                vector992
                0x00fc2000                vector315
                0x00fc2000                vector976
                0x00fc2000                vector640
                0x00fc2000                vector270
                0x00fc2000                vector717
                0x00fc2000                vector755
                0x00fc2000                vector735
                0x00fc2000                vector699
                0x00fc2000                vector439
                0x00fc2000                vector721
                0x00fc2000                vector497
                0x00fc2000                vector824
                0x00fc2000                vector847
                0x00fc2000                vector48
                0x00fc2000                vector926
                0x00fc2000                vector781
                0x00fc2000                vector984
                0x00fc2000                vector462
                0x00fc2000                vector586
                0x00fc2000                vector299
                0x00fc2000                vector669
                0x00fc2000                vector146
                0x00fc2000                vector897
                0x00fc2000                vector815
                0x00fc2000                vector541
                0x00fc2000                vector191
                0x00fc2000                vector350
                0x00fc2000                vector997
                0x00fc2000                vector854
                0x00fc2000                vector447
                0x00fc2000                vector11
                0x00fc2000                vector14
                0x00fc2000                vector952
                0x00fc2000                vector499
                0x00fc2000                vector480
                0x00fc2000                vector397
                0x00fc2000                vector941
                0x00fc2000                vector454
                0x00fc2000                vector708
                0x00fc2000                vector679
                0x00fc2000                vector406
                0x00fc2000                vector969
                0x00fc2000                vector338
                0x00fc2000                vector385
                0x00fc2000                vector936
                0x00fc2000                vector148
                0x00fc2000                vector221
                0x00fc2000                vector912
                0x00fc2000                vector353
                0x00fc2000                vector219
                0x00fc2000                vector310
                0x00fc2000                vector659
                0x00fc2000                vector289
                0x00fc2000                vector663
                0x00fc2000                vector293
                0x00fc2000                vector957
                0x00fc2000                vector521
                0x00fc2000                vector171
                0x00fc2000                vector504
                0x00fc2000                vector340
                0x00fc2000                vector851
                0x00fc2000                vector449
                0x00fc2000                vector405
                0x00fc2000                vector800
                0x00fc2000                vector716
                0x00fc2000                vector849
                0x00fc2000                vector154
                0x00fc2000                vector36
                0x00fc2000                vector894
                0x00fc2000                vector605
                0x00fc2000                vector235
                0x00fc2000                vector874
                0x00fc2000                vector272
                0x00fc2000                vector642
                0x00fc2000                vector563
                0x00fc2000                vector902
                0x00fc2000                vector949
                0x00fc2000                vector121
                0x00fc2000                vector867
                0x00fc2000                vector914
                0x00fc2000                vector879
                0x00fc2000                vector153
                0x00fc2000                vector514
                0x00fc2000                vector164
                0x00fc2000                vector973
                0x00fc2000                vector1012
                0x00fc2000                vector754
                0x00fc2000                vector5
                0x00fc2000                vector320
                0x00fc2000                vector249
                0x00fc2000                vector938
                0x00fc2000                vector836
                0x00fc2000                vector318
                0x00fc2000                vector365
                0x00fc2000                vector619
                0x00fc2000                vector822
                0x00fc2000                vector517
                0x00fc2000                vector167
                0x00fc2000                vector944
                0x00fc2000                vector505
                0x00fc2000                vector155
                0x00fc2000                vector503
                0x00fc2000                vector139
                0x00fc2000                vector987
                0x00fc2000                vector618
                0x00fc2000                vector248
                0x00fc2000                vector479
                0x00fc2000                vector343
                0x00fc2000                vector123
                0x00fc2000                vector304
                0x00fc2000                vector150
                0x00fc2000                vector590
                0x00fc2000                vector545
                0x00fc2000                vector195
                0x00fc2000                vector587
                0x00fc2000                vector500
                0x00fc2000                vector865
                0x00fc2000                vector665
                0x00fc2000                vector295
                0x00fc2000                vector388
                0x00fc2000                vector799
                0x00fc2000                vector203
                0x00fc2000                vector959
                0x00fc2000                vector684
                0x00fc2000                vector31
                0x00fc2000                vector939
                0x00fc2000                vector427
                0x00fc2000                vector891
                0x00fc2000                vector641
                0x00fc2000                vector271
                0x00fc2000                vector820
                0x00fc2000                vector620
                0x00fc2000                vector250
                0x00fc2000                vector785
                0x00fc2000                vector471
                0x00fc2000                vector28
                0x00fc2000                vector703
                0x00fc2000                vector550
                0x00fc2000                vector910
                0x00fc2000                vector126
                0x00fc2000                vector323
                0x00fc2000                vector744
                0x00fc2000                vector955
                0x00fc2000                vector368
                0x00fc2000                vector934
                0x00fc2000                vector519
                0x00fc2000                vector169
                0x00fc2000                vector809
                0x00fc2000                vector413
                0x00fc2000                vector866
                0x00fc2000                vector821
                0x00fc2000                vector457
                0x00fc2000                vector147
                0x00fc2000                vector780
                0x00fc2000                vector742
                0x00fc2000                vector392
                0x00fc2000                vector474
                0x00fc2000                vector603
                0x00fc2000                vector233
                0x00fc2000                vector593
                0x00fc2000                vector202
                0x00fc2000                vector373
                0x00fc2000                vector1019
                0x00fc2000                vector441
                0x00fc2000                vector756
                0x00fc2000                vector787
                0x00fc2000                vector749
                0x00fc2000                vector966
                0x00fc2000                vector698
                0x00fc2000                vector204
                0x00fc2000                vector591
                0x00fc2000                vector124
                0x00fc2000                vector653
                0x00fc2000                vector283
                0x00fc2000                vector726
                0x00fc2000                vector484
                0x00fc2000                vector630
                0x00fc2000                vector260
                0x00fc2000                vector668
                0x00fc2000                vector298
                0x00fc2000                vector657
                0x00fc2000                vector287
                0x00fc2000                vector22
                0x00fc2000                vector247
                0x00fc2000                vector617
                0x00fc2000                vector137
                0x00fc2000                vector979
                0x00fc2000                vector330
                0x00fc2000                vector561
                0x00fc2000                vector923
                0x00fc2000                vector6
                0x00fc2000                vector279
                0x00fc2000                vector649
                0x00fc2000                vector607
                0x00fc2000                vector237
                0x00fc2000                vector27
                0x00fc2000                vector468
                0x00fc2000                vector701
                0x00fc2000                vector277
                0x00fc2000                vector647
                0x00fc2000                vector118
                0x00fc2000                vector328
                0x00fc2000                vector918
                0x00fc2000                vector477
                0x00fc2000                vector579
                0x00fc2000                vector312
                0x00fc2000                vector132
                0x00fc2000                vector372
                0x00fc2000                vector355
                0x00fc2000                vector661
                0x00fc2000                vector291
                0x00fc2000                vector970
                0x00fc2000                vector998
                0x00fc2000                vector217
                0x00fc2000                vector1013
                0x00fc2000                vector583
                0x00fc2000                vector807
                0x00fc2000                vector390
                0x00fc2000                vector536
                0x00fc2000                vector186
                0x00fc2000                vector425
                0x00fc2000                vector177
                0x00fc2000                vector527
                0x00fc2000                vector905
                0x00fc2000                vector375
                0x00fc2000                vector1022
                0x00fc2000                vector335
                0x00fc2000                vector307
                0x00fc2000                vector316
                0x00fc2000                vector671
                0x00fc2000                vector227
                0x00fc2000                vector834
                0x00fc2000                vector363
                0x00fc2000                vector983
                0x00fc2000                vector210
                0x00fc2000                vector1011
                0x00fc2000                vector224
                0x00fc2000                vector790
                0x00fc2000                vector432
                0x00fc2000                vector1018
                0x00fc2000                vector728
                0x00fc2000                vector21
                0x00fc2000                vector803
                0x00fc2000                vector872
                0x00fc2000                vector41
                0x00fc2000                vector381
                0x00fc2000                vector346
                0x00fc2000                vector940
                0x00fc2000                vector738
                0x00fc2000                vector378
                0x00fc2000                vector436
                0x00fc2000                vector650
                0x00fc2000                vector924
                0x00fc2000                vector993
                0x00fc2000                vector613
                0x00fc2000                vector492
                0x00fc2000                vector495
                0x00fc2000                vector174
                0x00fc2000                vector524
                0x00fc2000                vector362
                0x00fc2000                vector211
                0x00fc2000                vector418
                0x00fc2000                vector889
                0x00fc2000                vector450
                0x00fc2000                vector128
                0x00fc2000                vector753
                0x00fc2000                vector844
                0x00fc2000                vector16
                0x00fc2000                vector960
                0x00fc2000                vector714
                0x00fc2000                vector595
                0x00fc2000                vector946
                0x00fc2000                vector51
                0x00fc2000                vector460
                0x00fc2000                vector552
                0x00fc2000                vector765
                0x00fc2000                vector1008
                0x00fc2000                vector677
                0x00fc2000                vector13
                0x00fc2000                vector798
                0x00fc2000                vector300
                0x00fc2000                vector1001
                0x00fc2000                vector652
                0x00fc2000                vector282
                0x00fc2000                vector608
                0x00fc2000                vector238
                0x00fc2000                vector557
                0x00fc2000                vector953
                0x00fc2000                vector38
                0x00fc2000                vector280
                0x00fc2000                vector980
                0x00fc2000                vector1
                0x00fc2000                vector528
                0x00fc2000                vector178
                0x00fc2000                vector697
                0x00fc2000                vector311
                0x00fc2000                vector133
                0x00fc2000                vector349
                0x00fc2000                vector354
                0x00fc2000                vector624
                0x00fc2000                vector254
                0x00fc2000                vector763
                0x00fc2000                vector929
                0x00fc2000                vector687
                0x00fc2000                vector144
                0x00fc2000                vector644
                0x00fc2000                vector274
                0x00fc2000                vector737
                0x00fc2000                vector967
                0x00fc2000                vector332
                0x00fc2000                vector269
                0x00fc2000                vector639
                0x00fc2000                vector571
                0x00fc2000                vector535
                0x00fc2000                vector185
                0x00fc2000                vector760
                0x00fc2000                vector942
                0x00fc2000                vector165
                0x00fc2000                vector515
                0x00fc2000                vector451
                0x00fc2000                vector900
                0x00fc2000                vector750
                0x00fc2000                vector435
                0x00fc2000                vector496
                0x00fc2000                vector748
                0x00fc2000                vector580
                0x00fc2000                vector333
                0x00fc2000                vector398
                0x00fc2000                vector430
                0x00fc2000                vector506
                0x00fc2000                vector156
                0x00fc2000                vector975
                0x00fc2000                vector709
                0x00fc2000                vector676
                0x00fc2000                vector817
                0x00fc2000                vector578
                0x00fc2000                vector122
                0x00fc2000                vector376
                0x00fc2000                vector412
                0x00fc2000                vector682
                0x00fc2000                vector43
                0x00fc2000                vector493
                0x00fc2000                vector256
                0x00fc2000                vector621
                0x00fc2000                vector251
                0x00fc2000                vector429
                0x00fc2000                _unhandled_irq
                0x00fc2000                vector626
                0x00fc2000                vector720
                0x00fc2000                vector767
                0x00fc2000                vector612
                0x00fc2000                vector242
                0x00fc2000                vector119
                0x00fc2000                vector829
                0x00fc2000                vector584
                0x00fc2000                vector345
                0x00fc2000                vector718
                0x00fc2000                vector296
                0x00fc2000                vector715
                0x00fc2000                vector213
                0x00fc2000                vector985
                0x00fc2000                vector947
                0x00fc2000                vector666
                0x00fc2000                vector419
                0x00fc2000                vector762
                0x00fc2000                vector795
                0x00fc2000                vector33
                0x00fc2000                vector512
                0x00fc2000                vector162
                0x00fc2000                vector615
                0x00fc2000                vector816
                0x00fc2000                vector812
                0x00fc2000                vector859
                0x00fc2000                vector961
                0x00fc2000                vector740
                0x00fc2000                vector919
                0x00fc2000                vector141
                0x00fc2000                vector348
                0x00fc2000                vector214
                0x00fc2000                vector870
                0x00fc2000                vector770
                0x00fc2000                vector954
                0x00fc2000                vector404
                0x00fc2000                vector522
                0x00fc2000                vector172
                0x00fc2000                vector877
                0x00fc2000                vector2
                0x00fc2000                vector359
                0x00fc2000                vector833
                0x00fc2000                vector565
                0x00fc2000                vector568
                0x00fc2000                vector3
                0x00fc2000                vector253
                0x00fc2000                vector461
                0x00fc2000                vector611
                0x00fc2000                vector241
                0x00fc2000                vector876
                0x00fc2000                vector623
                0x00fc2000                vector783
                0x00fc2000                vector819
                0x00fc2000                vector999
                0x00fc2000                vector431
                0x00fc2000                vector380
                0x00fc2000                vector862
                0x00fc2000                vector24
                0x00fc2000                vector711
                0x00fc2000                vector802
                0x00fc2000                vector7
                0x00fc2000                vector306
                0x00fc2000                vector1014
                0x00fc2000                vector539
                0x00fc2000                vector475
                0x00fc2000                vector189
                0x00fc2000                vector930
                0x00fc2000                vector200
                0x00fc2000                vector655
                0x00fc2000                vector773
                0x00fc2000                vector138
                0x00fc2000                vector864
                0x00fc2000                vector627
                0x00fc2000                vector257
                0x00fc2000                vector562
                0x00fc2000                vector974
                0x00fc2000                vector285
                0x00fc2000                vector414
                0x00fc2000                vector476
                0x00fc2000                vector736
                0x00fc2000                vector928
                0x00fc2000                vector839
                0x00fc2000                vector989
                0x00fc2000                vector610
                0x00fc2000                vector384
                0x00fc2000                vector734
                0x00fc2000                vector601
                0x00fc2000                vector231
                0x00fc2000                vector968
                0x00fc2000                vector278
                0x00fc2000                vector648
                0x00fc2000                vector329
                0x00fc2000                vector747
                0x00fc2000                vector606
                0x00fc2000                vector236
                0x00fc2000                vector1020
                0x00fc2000                vector29
                0x00fc2000                vector135
                0x00fc2000                vector796
                0x00fc2000                vector463
                0x00fc2000                vector180
                0x00fc2000                vector632
                0x00fc2000                vector262
                0x00fc2000                vector996
                0x00fc2000                vector530
                0x00fc2000                vector408
                0x00fc2000                vector420
                0x00fc2000                vector314
                0x00fc2000                vector771
                0x00fc2000                vector357
                0x00fc2000                vector925
                0x00fc2000                vector932
                0x00fc2000                vector488
                0x00fc2000                vector779
                0x00fc2000                vector903
                0x00fc2000                vector554
                0x00fc2000                vector327
                0x00fc2000                vector374
                0x00fc2000                vector201
                0x00fc2000                vector962
                0x00fc2000                vector811
                0x00fc2000                vector9
                0x00fc2000                vector860
                0x00fc2000                vector142
                0x00fc2000                vector458
                0x00fc2000                vector394
                0x00fc2000                vector745
                0x00fc2000                vector935
                0x00fc2000                vector792
                0x00fc2000                vector470
                0x00fc2000                vector758
                0x00fc2000                vector977
                0x00fc2000                vector473
                0x00fc2000                vector23
                0x00fc2000                vector678
                0x00fc2000                vector445
                0x00fc2000                vector597
                0x00fc2000                vector361
                0x00fc2000                vector845
                0x00fc2000                vector631
                0x00fc2000                vector261
                0x00fc2000                vector751
                0x00fc2000                vector208
                0x00fc2000                vector853
                0x00fc2000                vector696
                0x00fc2000                vector443
                0x00fc2000                vector145
                0x00fc2000                vector777
                0x00fc2000                vector422
                0x00fc2000                vector570
                0x00fc2000                vector896
                0x00fc2000                vector651
                0x00fc2000                vector281
                0x00fc2000                vector805
                0x00fc2000                vector1021
                0x00fc2000                vector964
                0x00fc2000                vector40
                0x00fc2000                vector732
                0x00fc2000                vector1010
                0x00fc2000                vector724
                0x00fc2000                vector746
                0x00fc2000                vector855
                0x00fc2000                vector963
                0x00fc2000                vector921
                0x00fc2000                vector700
                0x00fc2000                vector486
                0x00fc2000                vector465
                0x00fc2000                vector898
                0x00fc2000                vector789
                0x00fc2000                vector301
                0x00fc2000                vector730
                0x00fc2000                vector297
                0x00fc2000                vector667
                0x00fc2000                vector526
                0x00fc2000                vector176
                0x00fc2000                vector857
                0x00fc2000                vector544
                0x00fc2000                vector194
                0x00fc2000                vector396
                0x00fc2000                vector402
                0x00fc2000                vector482
                0x00fc2000                vector438
                0x00fc2000                vector573
                0x00fc2000                vector707
                0x00fc2000                vector784
                0x00fc2000                vector32
                0x00fc2000                vector693
                0x00fc2000                vector951
                0x00fc2000                vector775
                0x00fc2000                vector622
                0x00fc2000                vector252
                0x00fc2000                vector0
                0x00fc2000                vector828
                0x00fc2000                vector131
                0x00fc2000                vector589
                0x00fc2000                vector810
                0x00fc2000                vector549
                0x00fc2000                vector199
                0x00fc2000                vector741
                0x00fc2000                vector448
                0x00fc2000                vector331
                0x00fc2000                vector705
                0x00fc2000                vector858
                0x00fc2000                vector895
                0x00fc2000                vector483
                0x00fc2000                vector813
                0x00fc2000                vector702
                0x00fc2000                vector391
                0x00fc2000                vector313
                0x00fc2000                vector409
                0x00fc2000                vector645
                0x00fc2000                vector275
                0x00fc2000                vector793
                0x00fc2000                vector440
                0x00fc2000                vector840
                0x00fc2000                vector324
                0x00fc2000                vector981
                0x00fc2000                vector356
                0x00fc2000                vector588
                0x00fc2000                vector660
                0x00fc2000                vector290
                0x00fc2000                vector629
                0x00fc2000                vector259
                0x00fc2000                vector196
                0x00fc2000                vector546
                0x00fc2000                vector216
                0x00fc2000                vector26
                0x00fc2000                vector875
                0x00fc2000                vector543
                0x00fc2000                vector193
                0x00fc2000                vector1016
                0x00fc2000                vector125
                0x00fc2000                vector885
                0x00fc2000                vector778
                0x00fc2000                vector614
                0x00fc2000                vector1006
                0x00fc2000                vector140
                0x00fc2000                vector498
                0x00fc2000                vector733
                0x00fc2000                vector305
                0x00fc2000                vector240
                0x00fc2000                vector791
                0x00fc2000                vector19
                0x00fc2000                vector453
                0x00fc2000                vector846
                0x00fc2000                vector806
                0x00fc2000                vector797
                0x00fc2000                vector45
                0x00fc2000                vector518
                0x00fc2000                vector168
                0x00fc2000                vector592
                0x00fc2000                vector871
                0x00fc2000                vector35
                0x00fc2000                vector39
                0x00fc2000                vector428
                0x00fc2000                vector229
                0x00fc2000                vector508
                0x00fc2000                vector158
                0x00fc2000                vector752
                0x00fc2000                vector673
                0x00fc2000                vector209
                0x00fc2000                vector369
                0x00fc2000                vector856
                0x00fc2000                vector672
                0x00fc2000                vector576
                0x00fc2000                vector899
                0x00fc2000                vector47
                0x00fc2000                vector212
                0x00fc2000                vector159
                0x00fc2000                vector574
                0x00fc2000                vector825
                0x00fc2000                vector533
                0x00fc2000                vector183
                0x00fc2000                vector509
                0x00fc2000                vector948
                0x00fc2000                vector228
                0x00fc2000                vector42
                0x00fc2000                vector958
                0x00fc2000                vector377
                0x00fc2000                vector130
                0x00fc2000                vector788
                0x00fc2000                vector616
                0x00fc2000                vector913
                0x00fc2000                vector143
                0x00fc2000                vector334
                0x00fc2000                vector901
                0x00fc2000                vector674
                0x00fc2000                vector525
                0x00fc2000                vector175
                0x00fc2000                vector558
                0x00fc2000                vector801
                0x00fc2000                vector890
                0x00fc2000                vector706
                0x00fc2000                vector399
                0x00fc2000                vector1004
                0x00fc2000                vector832
                0x00fc2000                vector395
                0x00fc2000                vector4
                0x00fc2000                vector691
                0x00fc2000                vector433
                0x00fc2000                vector917
                0x00fc2000                vector852
                0x00fc2000                vector478
                0x00fc2000                vector965
                0x00fc2000                vector520
                0x00fc2000                vector170
                0x00fc2000                vector136
                0x00fc2000                vector400
                0x00fc2000                vector317
                0x00fc2000                vector371
                0x00fc2000                vector531
                0x00fc2000                vector181
                0x00fc2000                vector255
                0x00fc2000                vector625
                0x00fc2000                vector10
                0x00fc2000                vector808
                0x00fc2000                vector206
                0x00fc2000                vector560
                0x00fc2000                vector922
                0x00fc2000                vector884

constructors    0x00fc2004        0x0
                [!provide]                PROVIDE (__init_array_start, .)
 *(SORT(.init_array.*))
 *(.init_array)
                [!provide]                PROVIDE (__init_array_end, .)

destructors     0x00fc2004        0x0
                [!provide]                PROVIDE (__fini_array_start, .)
 *(.fini_array)
 *(SORT(.fini_array.*))
                [!provide]                PROVIDE (__fini_array_end, .)

.text_vle
 *(.text_vle)
 *(.text_vle.*)
 *(.gnu.linkonce.t_vle.*)

.text           0x00fc2010     0x5ce6
 *(.text)
 .text          0x00fc2010       0x56 c:/spc5studio-6.0/eclipse/plugins/com.st.tools.spc5.tools.gnu.gcc.ppcvle.win32_4.9.4.20200908161514/toolchain/bin/../lib/gcc/powerpc-eabivle/4.9.4/e200z4\libgcc.a(_fixunsdfsi.o)
                0x00fc2010                __fixunsdfsi
 *fill*         0x00fc2066        0xa 
 .text          0x00fc2070       0x5a c:/spc5studio-6.0/eclipse/plugins/com.st.tools.spc5.tools.gnu.gcc.ppcvle.win32_4.9.4.20200908161514/toolchain/bin/../lib/gcc/powerpc-eabivle/4.9.4/e200z4\libgcc.a(_gt_sf.o)
                0x00fc2070                __gtsf2
 *fill*         0x00fc20ca        0x6 
 .text          0x00fc20d0       0x38 c:/spc5studio-6.0/eclipse/plugins/com.st.tools.spc5.tools.gnu.gcc.ppcvle.win32_4.9.4.20200908161514/toolchain/bin/../lib/gcc/powerpc-eabivle/4.9.4/e200z4\libgcc.a(_sf_to_df.o)
                0x00fc20d0                __extendsfdf2
 *fill*         0x00fc2108        0x8 
 .text          0x00fc2110      0x376 c:/spc5studio-6.0/eclipse/plugins/com.st.tools.spc5.tools.gnu.gcc.ppcvle.win32_4.9.4.20200908161514/toolchain/bin/../lib/gcc/powerpc-eabivle/4.9.4/e200z4\libgcc.a(_addsub_df.o)
                0x00fc23c8                __adddf3
                0x00fc2424                __subdf3
 *fill*         0x00fc2486        0xa 
 .text          0x00fc2490      0x17e c:/spc5studio-6.0/eclipse/plugins/com.st.tools.spc5.tools.gnu.gcc.ppcvle.win32_4.9.4.20200908161514/toolchain/bin/../lib/gcc/powerpc-eabivle/4.9.4/e200z4\libgcc.a(_div_df.o)
                0x00fc2490                __divdf3
 *fill*         0x00fc260e        0x2 
 .text          0x00fc2610       0x64 c:/spc5studio-6.0/eclipse/plugins/com.st.tools.spc5.tools.gnu.gcc.ppcvle.win32_4.9.4.20200908161514/toolchain/bin/../lib/gcc/powerpc-eabivle/4.9.4/e200z4\libgcc.a(_ge_df.o)
                0x00fc2610                __gedf2
 *fill*         0x00fc2674        0xc 
 .text          0x00fc2680       0xa4 c:/spc5studio-6.0/eclipse/plugins/com.st.tools.spc5.tools.gnu.gcc.ppcvle.win32_4.9.4.20200908161514/toolchain/bin/../lib/gcc/powerpc-eabivle/4.9.4/e200z4\libgcc.a(_df_to_si.o)
                0x00fc2680                __fixdfsi
 *fill*         0x00fc2724        0xc 
 .text          0x00fc2730       0x26 c:/spc5studio-6.0/eclipse/plugins/com.st.tools.spc5.tools.gnu.gcc.ppcvle.win32_4.9.4.20200908161514/toolchain/bin/../lib/gcc/powerpc-eabivle/4.9.4/e200z4\libgcc.a(_make_df.o)
                0x00fc2730                __make_dp
 *fill*         0x00fc2756        0xa 
 .text          0x00fc2760       0x80 c:/spc5studio-6.0/eclipse/plugins/com.st.tools.spc5.tools.gnu.gcc.ppcvle.win32_4.9.4.20200908161514/toolchain/bin/../lib/gcc/powerpc-eabivle/4.9.4/e200z4\libgcc.a(_unpack_sf.o)
                0x00fc2760                __unpack_f
 .text          0x00fc27e0       0xa2 c:/spc5studio-6.0/eclipse/plugins/com.st.tools.spc5.tools.gnu.gcc.ppcvle.win32_4.9.4.20200908161514/toolchain/bin/../lib/gcc/powerpc-eabivle/4.9.4/e200z4\libgcc.a(_fpcmp_parts_sf.o)
                0x00fc27e0                __fpcmp_parts_f
 *fill*         0x00fc2882        0xe 
 .text          0x00fc2890      0x1fc c:/spc5studio-6.0/eclipse/plugins/com.st.tools.spc5.tools.gnu.gcc.ppcvle.win32_4.9.4.20200908161514/toolchain/bin/../lib/gcc/powerpc-eabivle/4.9.4/e200z4\libgcc.a(_pack_df.o)
                0x00fc2890                __pack_d
 *fill*         0x00fc2a8c        0x4 
 .text          0x00fc2a90       0xb0 c:/spc5studio-6.0/eclipse/plugins/com.st.tools.spc5.tools.gnu.gcc.ppcvle.win32_4.9.4.20200908161514/toolchain/bin/../lib/gcc/powerpc-eabivle/4.9.4/e200z4\libgcc.a(_unpack_df.o)
                0x00fc2a90                __unpack_d
 .text          0x00fc2b40       0xba c:/spc5studio-6.0/eclipse/plugins/com.st.tools.spc5.tools.gnu.gcc.ppcvle.win32_4.9.4.20200908161514/toolchain/bin/../lib/gcc/powerpc-eabivle/4.9.4/e200z4\libgcc.a(_fpcmp_parts_df.o)
                0x00fc2b40                __fpcmp_parts_d
 *(.text.*)
 *fill*         0x00fc2bfa        0x6 
 .text.spc5LLDInit
                0x00fc2c00       0x16 build/obj/spc5_lld.o
                0x00fc2c00                spc5LLDInit
 *fill*         0x00fc2c16        0xa 
 .text.vector52
                0x00fc2c20       0x9a build/obj/spc5_edma.o
                0x00fc2c20                vector52
 *fill*         0x00fc2cba        0x6 
 .text.vector53
                0x00fc2cc0       0x5c build/obj/spc5_edma.o
                0x00fc2cc0                vector53
 *fill*         0x00fc2d1c        0x4 
 .text.vector54
                0x00fc2d20       0x5c build/obj/spc5_edma.o
                0x00fc2d20                vector54
 *fill*         0x00fc2d7c        0x4 
 .text.vector55
                0x00fc2d80       0x5c build/obj/spc5_edma.o
                0x00fc2d80                vector55
 *fill*         0x00fc2ddc        0x4 
 .text.vector56
                0x00fc2de0       0x5c build/obj/spc5_edma.o
                0x00fc2de0                vector56
 *fill*         0x00fc2e3c        0x4 
 .text.vector57
                0x00fc2e40       0x5c build/obj/spc5_edma.o
                0x00fc2e40                vector57
 *fill*         0x00fc2e9c        0x4 
 .text.vector58
                0x00fc2ea0       0x5c build/obj/spc5_edma.o
                0x00fc2ea0                vector58
 *fill*         0x00fc2efc        0x4 
 .text.vector59
                0x00fc2f00       0x5c build/obj/spc5_edma.o
                0x00fc2f00                vector59
 *fill*         0x00fc2f5c        0x4 
 .text.vector60
                0x00fc2f60       0x5c build/obj/spc5_edma.o
                0x00fc2f60                vector60
 *fill*         0x00fc2fbc        0x4 
 .text.vector61
                0x00fc2fc0       0x5c build/obj/spc5_edma.o
                0x00fc2fc0                vector61
 *fill*         0x00fc301c        0x4 
 .text.vector62
                0x00fc3020       0x5c build/obj/spc5_edma.o
                0x00fc3020                vector62
 *fill*         0x00fc307c        0x4 
 .text.vector63
                0x00fc3080       0x5c build/obj/spc5_edma.o
                0x00fc3080                vector63
 *fill*         0x00fc30dc        0x4 
 .text.vector64
                0x00fc30e0       0x5c build/obj/spc5_edma.o
                0x00fc30e0                vector64
 *fill*         0x00fc313c        0x4 
 .text.vector65
                0x00fc3140       0x5c build/obj/spc5_edma.o
                0x00fc3140                vector65
 *fill*         0x00fc319c        0x4 
 .text.vector66
                0x00fc31a0       0x5c build/obj/spc5_edma.o
                0x00fc31a0                vector66
 *fill*         0x00fc31fc        0x4 
 .text.vector67
                0x00fc3200       0x5c build/obj/spc5_edma.o
                0x00fc3200                vector67
 *fill*         0x00fc325c        0x4 
 .text.vector68
                0x00fc3260       0x5c build/obj/spc5_edma.o
                0x00fc3260                vector68
 *fill*         0x00fc32bc        0x4 
 .text.vector69
                0x00fc32c0       0x60 build/obj/spc5_edma.o
                0x00fc32c0                vector69
 .text.vector70
                0x00fc3320       0x60 build/obj/spc5_edma.o
                0x00fc3320                vector70
 .text.vector71
                0x00fc3380       0x60 build/obj/spc5_edma.o
                0x00fc3380                vector71
 .text.vector72
                0x00fc33e0       0x60 build/obj/spc5_edma.o
                0x00fc33e0                vector72
 .text.vector73
                0x00fc3440       0x60 build/obj/spc5_edma.o
                0x00fc3440                vector73
 .text.vector74
                0x00fc34a0       0x60 build/obj/spc5_edma.o
                0x00fc34a0                vector74
 .text.vector75
                0x00fc3500       0x60 build/obj/spc5_edma.o
                0x00fc3500                vector75
 .text.vector76
                0x00fc3560       0x60 build/obj/spc5_edma.o
                0x00fc3560                vector76
 .text.vector77
                0x00fc35c0       0x60 build/obj/spc5_edma.o
                0x00fc35c0                vector77
 .text.vector78
                0x00fc3620       0x60 build/obj/spc5_edma.o
                0x00fc3620                vector78
 .text.vector79
                0x00fc3680       0x60 build/obj/spc5_edma.o
                0x00fc3680                vector79
 .text.vector80
                0x00fc36e0       0x60 build/obj/spc5_edma.o
                0x00fc36e0                vector80
 .text.vector81
                0x00fc3740       0x60 build/obj/spc5_edma.o
                0x00fc3740                vector81
 .text.vector82
                0x00fc37a0       0x60 build/obj/spc5_edma.o
                0x00fc37a0                vector82
 .text.vector83
                0x00fc3800       0x60 build/obj/spc5_edma.o
                0x00fc3800                vector83
 .text.vector84
                0x00fc3860       0x60 build/obj/spc5_edma.o
                0x00fc3860                vector84
 .text.vector85
                0x00fc38c0       0x60 build/obj/spc5_edma.o
                0x00fc38c0                vector85
 .text.vector86
                0x00fc3920       0x60 build/obj/spc5_edma.o
                0x00fc3920                vector86
 .text.vector87
                0x00fc3980       0x60 build/obj/spc5_edma.o
                0x00fc3980                vector87
 .text.vector88
                0x00fc39e0       0x60 build/obj/spc5_edma.o
                0x00fc39e0                vector88
 .text.vector89
                0x00fc3a40       0x60 build/obj/spc5_edma.o
                0x00fc3a40                vector89
 .text.vector90
                0x00fc3aa0       0x60 build/obj/spc5_edma.o
                0x00fc3aa0                vector90
 .text.vector91
                0x00fc3b00       0x60 build/obj/spc5_edma.o
                0x00fc3b00                vector91
 .text.vector92
                0x00fc3b60       0x60 build/obj/spc5_edma.o
                0x00fc3b60                vector92
 .text.vector93
                0x00fc3bc0       0x60 build/obj/spc5_edma.o
                0x00fc3bc0                vector93
 .text.vector94
                0x00fc3c20       0x60 build/obj/spc5_edma.o
                0x00fc3c20                vector94
 .text.vector95
                0x00fc3c80       0x60 build/obj/spc5_edma.o
                0x00fc3c80                vector95
 .text.vector96
                0x00fc3ce0       0x60 build/obj/spc5_edma.o
                0x00fc3ce0                vector96
 .text.vector97
                0x00fc3d40       0x60 build/obj/spc5_edma.o
                0x00fc3d40                vector97
 .text.vector98
                0x00fc3da0       0x60 build/obj/spc5_edma.o
                0x00fc3da0                vector98
 .text.vector99
                0x00fc3e00       0x60 build/obj/spc5_edma.o
                0x00fc3e00                vector99
 .text.vector100
                0x00fc3e60       0x60 build/obj/spc5_edma.o
                0x00fc3e60                vector100
 .text.vector101
                0x00fc3ec0       0x60 build/obj/spc5_edma.o
                0x00fc3ec0                vector101
 .text.vector102
                0x00fc3f20       0x60 build/obj/spc5_edma.o
                0x00fc3f20                vector102
 .text.vector103
                0x00fc3f80       0x60 build/obj/spc5_edma.o
                0x00fc3f80                vector103
 .text.vector104
                0x00fc3fe0       0x60 build/obj/spc5_edma.o
                0x00fc3fe0                vector104
 .text.vector105
                0x00fc4040       0x60 build/obj/spc5_edma.o
                0x00fc4040                vector105
 .text.vector106
                0x00fc40a0       0x60 build/obj/spc5_edma.o
                0x00fc40a0                vector106
 .text.vector107
                0x00fc4100       0x60 build/obj/spc5_edma.o
                0x00fc4100                vector107
 .text.vector108
                0x00fc4160       0x60 build/obj/spc5_edma.o
                0x00fc4160                vector108
 .text.vector109
                0x00fc41c0       0x60 build/obj/spc5_edma.o
                0x00fc41c0                vector109
 .text.vector110
                0x00fc4220       0x60 build/obj/spc5_edma.o
                0x00fc4220                vector110
 .text.vector111
                0x00fc4280       0x60 build/obj/spc5_edma.o
                0x00fc4280                vector111
 .text.vector112
                0x00fc42e0       0x60 build/obj/spc5_edma.o
                0x00fc42e0                vector112
 .text.vector113
                0x00fc4340       0x60 build/obj/spc5_edma.o
                0x00fc4340                vector113
 .text.vector114
                0x00fc43a0       0x60 build/obj/spc5_edma.o
                0x00fc43a0                vector114
 .text.vector115
                0x00fc4400       0x60 build/obj/spc5_edma.o
                0x00fc4400                vector115
 .text.vector116
                0x00fc4460       0x60 build/obj/spc5_edma.o
                0x00fc4460                vector116
 .text.edmaInit
                0x00fc44c0       0xd2 build/obj/spc5_edma.o
                0x00fc44c0                edmaInit
 *fill*         0x00fc4592        0xe 
 .text.can_lld_getframesize
                0x00fc45a0       0x3e build/obj/can_lld.o
                0x00fc45a0                can_lld_getframesize
 *fill*         0x00fc45de        0x2 
 .text.can_lld_readBuffer
                0x00fc45e0      0x12a build/obj/can_lld.o
                0x00fc45e0                can_lld_readBuffer
 *fill*         0x00fc470a        0x6 
 .text.can_lld_l0_handler
                0x00fc4710      0x440 build/obj/can_lld.o
 .text.can_lld_l1_handler
                0x00fc4b50      0x410 build/obj/can_lld.o
 .text.can_lld_getDLC
                0x00fc4f60       0x48 build/obj/can_lld.o
                0x00fc4f60                can_lld_getDLC
 *fill*         0x00fc4fa8        0x8 
 .text.can_lld_writeTxBuffer
                0x00fc4fb0      0x118 build/obj/can_lld.o
                0x00fc4fb0                can_lld_writeTxBuffer
 *fill*         0x00fc50c8        0x8 
 .text.vector688
                0x00fc50d0        0xc build/obj/can_lld.o
                0x00fc50d0                vector688
 *fill*         0x00fc50dc        0x4 
 .text.vector689
                0x00fc50e0        0xc build/obj/can_lld.o
                0x00fc50e0                vector689
 *fill*         0x00fc50ec        0x4 
 .text.vector694
                0x00fc50f0        0xc build/obj/can_lld.o
                0x00fc50f0                vector694
 *fill*         0x00fc50fc        0x4 
 .text.vector695
                0x00fc5100        0xc build/obj/can_lld.o
                0x00fc5100                vector695
 *fill*         0x00fc510c        0x4 
 .text.can_lld_init
                0x00fc5110       0xa4 build/obj/can_lld.o
                0x00fc5110                can_lld_init
 *fill*         0x00fc51b4        0xc 
 .text.can_lld_start
                0x00fc51c0      0x762 build/obj/can_lld.o
                0x00fc51c0                can_lld_start
 *fill*         0x00fc5922        0xe 
 .text.can_lld_transmit
                0x00fc5930      0x120 build/obj/can_lld.o
                0x00fc5930                can_lld_transmit
 .text.vListInitialise
                0x00fc5a50       0x14 build/obj/list.o
                0x00fc5a50                vListInitialise
 *fill*         0x00fc5a64        0xc 
 .text.vListInitialiseItem
                0x00fc5a70        0x6 build/obj/list.o
                0x00fc5a70                vListInitialiseItem
 *fill*         0x00fc5a76        0xa 
 .text.vListInsertEnd
                0x00fc5a80       0x18 build/obj/list.o
                0x00fc5a80                vListInsertEnd
 *fill*         0x00fc5a98        0x8 
 .text.vListInsert
                0x00fc5aa0       0x46 build/obj/list.o
                0x00fc5aa0                vListInsert
 *fill*         0x00fc5ae6        0xa 
 .text.uxListRemove
                0x00fc5af0       0x36 build/obj/list.o
                0x00fc5af0                uxListRemove
 *fill*         0x00fc5b26        0xa 
 .text.prvIdleTask
                0x00fc5b30       0x16 build/obj/tasks.o
 *fill*         0x00fc5b46        0xa 
 .text.prvResetNextTaskUnblockTime.part.1
                0x00fc5b50       0x18 build/obj/tasks.o
 *fill*         0x00fc5b68        0x8 
 .text.prvAddCurrentTaskToDelayedList
                0x00fc5b70       0xae build/obj/tasks.o
 *fill*         0x00fc5c1e        0x2 
 .text.vTaskSwitchContext.part.4
                0x00fc5c20       0x98 build/obj/tasks.o
 *fill*         0x00fc5cb8        0x8 
 .text.vTaskEnterCritical.part.5
                0x00fc5cc0       0x1c build/obj/tasks.o
 *fill*         0x00fc5cdc        0x4 
 .text.vTaskSuspendAll
                0x00fc5ce0       0x10 build/obj/tasks.o
                0x00fc5ce0                vTaskSuspendAll
 .text.xTaskIncrementTick
                0x00fc5cf0      0x190 build/obj/tasks.o
                0x00fc5cf0                xTaskIncrementTick
 .text.vTaskSwitchContext
                0x00fc5e80       0x1e build/obj/tasks.o
                0x00fc5e80                vTaskSwitchContext
 *fill*         0x00fc5e9e        0x2 
 .text.vTaskEnterCritical
                0x00fc5ea0       0x14 build/obj/tasks.o
                0x00fc5ea0                vTaskEnterCritical
 *fill*         0x00fc5eb4        0xc 
 .text.vTaskExitCritical
                0x00fc5ec0       0x44 build/obj/tasks.o
                0x00fc5ec0                vTaskExitCritical
 *fill*         0x00fc5f04        0xc 
 .text.xTaskCreate
                0x00fc5f10      0x23e build/obj/tasks.o
                0x00fc5f10                xTaskCreate
 *fill*         0x00fc614e        0x2 
 .text.vTaskStartScheduler
                0x00fc6150       0x62 build/obj/tasks.o
                0x00fc6150                vTaskStartScheduler
 *fill*         0x00fc61b2        0xe 
 .text.xTaskResumeAll
                0x00fc61c0      0x164 build/obj/tasks.o
                0x00fc61c0                xTaskResumeAll
 *fill*         0x00fc6324        0xc 
 .text.vTaskDelayUntil
                0x00fc6330       0x62 build/obj/tasks.o
                0x00fc6330                vTaskDelayUntil
 *fill*         0x00fc6392        0xe 
 .text.vTaskDelay
                0x00fc63a0       0x3e build/obj/tasks.o
                0x00fc63a0                vTaskDelay
 *fill*         0x00fc63de        0x2 
 .text.xTaskGetTickCount
                0x00fc63e0       0x34 build/obj/tasks.o
                0x00fc63e0                xTaskGetTickCount
 *fill*         0x00fc6414        0xc 
 .text.pxPortInitialiseStack
                0x00fc6420      0x122 build/obj/port.o
                0x00fc6420                pxPortInitialiseStack
 *fill*         0x00fc6542        0xe 
 .text.xPortStartScheduler
                0x00fc6550       0x1e build/obj/port.o
                0x00fc6550                xPortStartScheduler
 *fill*         0x00fc656e        0x2 
 .text.vector226
                0x00fc6570       0x1a build/obj/port.o
                0x00fc6570                vector226
 *fill*         0x00fc658a        0x6 
 .text.prvInsertBlockIntoFreeList
                0x00fc6590       0x62 build/obj/heap_4.o
 *fill*         0x00fc65f2        0xe 
 .text.pvPortMalloc
                0x00fc6600      0x142 build/obj/heap_4.o
                0x00fc6600                pvPortMalloc
 *fill*         0x00fc6742        0xe 
 .text.vPortFree
                0x00fc6750       0x6c build/obj/heap_4.o
                0x00fc6750                vPortFree
 *fill*         0x00fc67bc        0x4 
 .text.pal_init
                0x00fc67c0      0x104 build/obj/pal.o
                0x00fc67c0                pal_init
 *fill*         0x00fc68c4        0xc 
 .text.clockInit
                0x00fc68d0       0x32 build/obj/clock.o
                0x00fc68d0                clockInit
 *fill*         0x00fc6902        0xe 
 .text.spc_clock_init
                0x00fc6910      0x328 build/obj/clock.o
                0x00fc6910                spc_clock_init
 *fill*         0x00fc6c38        0x8 
 .text.__early_init
                0x00fc6c40        0x4 build/obj/clock.o
                0x00fc6c40                __early_init
 *fill*         0x00fc6c44        0xc 
 .text.SPCSetPeripheralClockMode
                0x00fc6c50       0x40 build/obj/clock.o
                0x00fc6c50                SPCSetPeripheralClockMode
 .text.irqInit  0x00fc6c90       0x2a build/obj/irq.o
                0x00fc6c90                irqInit
 *fill*         0x00fc6cba        0x6 
 .text.irqSysHalt
                0x00fc6cc0        0x8 build/obj/irq.o
                0x00fc6cc0                irqSysHalt
 *fill*         0x00fc6cc8        0x8 
 .text.vector243
                0x00fc6cd0       0xa6 build/obj/eirq.o
                0x00fc6cd0                vector243
 *fill*         0x00fc6d76        0xa 
 .text.vector244
                0x00fc6d80       0xa6 build/obj/eirq.o
                0x00fc6d80                vector244
 *fill*         0x00fc6e26        0xa 
 .text.vector245
                0x00fc6e30       0xa6 build/obj/eirq.o
                0x00fc6e30                vector245
 *fill*         0x00fc6ed6        0xa 
 .text.vector246
                0x00fc6ee0       0xa6 build/obj/eirq.o
                0x00fc6ee0                vector246
 *fill*         0x00fc6f86        0xa 
 .text.eirqInit
                0x00fc6f90       0xf4 build/obj/eirq.o
                0x00fc6f90                eirqInit
 *fill*         0x00fc7084        0xc 
 .text.swirqInit
                0x00fc7090        0x4 build/obj/swirq.o
                0x00fc7090                swirqInit
 *fill*         0x00fc7094        0xc 
 .text.osalSysTimeSetup
                0x00fc70a0       0x24 build/obj/osal.o
                0x00fc70a0                osalSysTimeSetup
 *fill*         0x00fc70c4        0xc 
 .text.osalSysTimeReset
                0x00fc70d0        0x4 build/obj/osal.o
                0x00fc70d0                osalSysTimeReset
 *fill*         0x00fc70d4        0xc 
 .text.osalInit
                0x00fc70e0       0x4e build/obj/osal.o
                0x00fc70e0                osalInit
 *fill*         0x00fc712e        0x2 
 .text.sysTimeSetup
                0x00fc7130       0x58 build/obj/systimer.o
                0x00fc7130                sysTimeSetup
 *fill*         0x00fc7188        0x8 
 .text.sysTimeReset
                0x00fc7190       0x18 build/obj/systimer.o
                0x00fc7190                sysTimeReset
 *fill*         0x00fc71a8        0x8 
 .text.boardInit
                0x00fc71b0        0xc build/obj/board.o
                0x00fc71b0                boardInit
 *fill*         0x00fc71bc        0x4 
 .text.irq_cfg_init
                0x00fc71c0        0x2 build/obj/irq_cfg.o
                0x00fc71c0                irq_cfg_init
 *fill*         0x00fc71c2        0xe 
 .text.swirq_init_prio
                0x00fc71d0        0x2 build/obj/swirq_cfg.o
                0x00fc71d0                swirq_init_prio
 *fill*         0x00fc71d2        0xe 
 .text.vTaskh303
                0x00fc71e0      0x176 build/obj/main.o
                0x00fc71e0                vTaskh303
 *fill*         0x00fc7356        0xa 
 .text.can_start
                0x00fc7360       0x36 build/obj/main.o
                0x00fc7360                can_start
 *fill*         0x00fc7396        0xa 
 .text.startup.main
                0x00fc73a0       0x58 build/obj/main.o
                0x00fc73a0                main
 *fill*         0x00fc73f8        0x8 
 .text.can1_Can1new
                0x00fc7400      0x22e build/obj/main.o
                0x00fc7400                can1_Can1new
 *fill*         0x00fc762e        0x2 
 .text.can4_Can4rx_new
                0x00fc7630       0x60 build/obj/main.o
                0x00fc7630                can4_Can4rx_new
 .text.can1_can1rx
                0x00fc7690       0x2c build/obj/main.o
                0x00fc7690                can1_can1rx
 *fill*         0x00fc76bc        0x4 
 .text.can4_can4rx
                0x00fc76c0       0x10 build/obj/main.o
                0x00fc76c0                can4_can4rx
 .text.Crc_CalculateCRC8H2F
                0x00fc76d0      0x536 build/obj/crc.o
                0x00fc76d0                Crc_CalculateCRC8H2F
 *fill*         0x00fc7c06        0xa 
 .text.converto1byteorder
                0x00fc7c10       0x34 build/obj/crc.o
                0x00fc7c10                converto1byteorder
 *fill*         0x00fc7c44        0xc 
 .text.converto4byteorder
                0x00fc7c50       0x34 build/obj/crc.o
                0x00fc7c50                converto4byteorder
 *fill*         0x00fc7c84        0xc 
 .text.componentsInit
                0x00fc7c90       0x2a build/obj/components.o
                0x00fc7c90                componentsInit
 *fill*         0x00fc7cba        0x6 
 .text.memcpy   0x00fc7cc0       0x1a c:/spc5studio-6.0/eclipse/plugins/com.st.tools.spc5.tools.gnu.gcc.ppcvle.win32_4.9.4.20200908161514/toolchain/bin/../lib/gcc/powerpc-eabivle/4.9.4/../../../../powerpc-eabivle/lib/e200z4\libc.a(lib_a-memcpy.o)
                0x00fc7cc0                memcpy
                0x00fc7cc0                largememcpy
 *fill*         0x00fc7cda        0x6 
 .text.memset   0x00fc7ce0       0x16 c:/spc5studio-6.0/eclipse/plugins/com.st.tools.spc5.tools.gnu.gcc.ppcvle.win32_4.9.4.20200908161514/toolchain/bin/../lib/gcc/powerpc-eabivle/4.9.4/../../../../powerpc-eabivle/lib/e200z4\libc.a(lib_a-memset.o)
                0x00fc7ce0                memset
 *(.gnu.linkonce.t.*)

.glink          0x00fc7cf6        0x0
 .glink         0x00fc7cf6        0x0 build/obj/boot.o

.rodata         0x00fc7d00      0x2e0
 *(.glue_7t)
 *(.glue_7)
 *(.gcc*)
 *(.rodata)
 .rodata        0x00fc7d00      0x140 build/obj/crc.o
 .rodata        0x00fc7e40       0x18 c:/spc5studio-6.0/eclipse/plugins/com.st.tools.spc5.tools.gnu.gcc.ppcvle.win32_4.9.4.20200908161514/toolchain/bin/../lib/gcc/powerpc-eabivle/4.9.4/e200z4\libgcc.a(_thenan_df.o)
                0x00fc7e40                __thenan_df
 *(.rodata.*)
 *fill*         0x00fc7e58        0x8 
 .rodata.dma1_g0
                0x00fc7e60       0x10 build/obj/spc5_edma.o
 .rodata.dma1_g1
                0x00fc7e70       0x10 build/obj/spc5_edma.o
 .rodata.dma1_g2
                0x00fc7e80       0x10 build/obj/spc5_edma.o
 .rodata.dma1_g3
                0x00fc7e90       0x10 build/obj/spc5_edma.o
 .rodata.can_lld_getframesize
                0x00fc7ea0       0x1c build/obj/can_lld.o
 *fill*         0x00fc7ebc        0x4 
 .rodata.str1.4
                0x00fc7ec0        0x5 build/obj/tasks.o
 *fill*         0x00fc7ec5        0xb 
 .rodata.str1.4
                0x00fc7ed0        0x8 build/obj/main.o
 *fill*         0x00fc7ed8        0x8 
 .rodata.crc8H2F_tab
                0x00fc7ee0      0x100 build/obj/crc.o
 *(.rodata1)

.sdata2         0x00fc7fe0        0x0
                0x00fcffe0                __sdata2_start__ = (. + 0x8000)
 *(.sdata2)
 .sdata2        0x00fc7fe0        0x0 build/obj/boot.o
 *(.sdata2.*)
 *(.gnu.linkonce.s2.*)
 *(.sbss2)
 *(.sbss2.*)
 *(.gnu.linkonce.sb2.*)

.eh_frame_hdr
 *(.eh_frame_hdr)

.eh_frame       0x00fc7fe0        0x0
 *(.eh_frame)
 .eh_frame      0x00fc7fe0        0x0 build/obj/boot.o

.rela.dyn       0x00fc7fe0        0x0
 .rela.iplt     0x00fc7fe0        0x0 build/obj/boot.o
 .rela.vectors  0x00fc7fe0        0x0 build/obj/boot.o
 .rela.text.pxPortInitialiseStack
                0x00fc7fe0        0x0 build/obj/boot.o
 .rela.text.manage_eirq_interrupt
                0x00fc7fe0        0x0 build/obj/boot.o
 .rela.text.vector243
                0x00fc7fe0        0x0 build/obj/boot.o
 .rela.text.vector244
                0x00fc7fe0        0x0 build/obj/boot.o
 .rela.text.vector245
                0x00fc7fe0        0x0 build/obj/boot.o
 .rela.text.vector246
                0x00fc7fe0        0x0 build/obj/boot.o
 .rela.text.eirqInit
                0x00fc7fe0        0x0 build/obj/boot.o
 .rela.data.can_config_can1
                0x00fc7fe0        0x0 build/obj/boot.o
 .rela.data.can_config_can4
                0x00fc7fe0        0x0 build/obj/boot.o
 .rela.text     0x00fc7fe0        0x0 build/obj/boot.o

.romdata        0x00fc7fe0        0x0
                0x00fc7fe0                __romdata_start__ = .

.core0_stacks   0x50800000      0x800
                0x50800000                . = ALIGN (0x8)
                0x50800000                __core0_irq_stack_base__ = .
                0x50800000                . = (. + __core0_irq_stack_size__)
                0x50800000                . = ALIGN (0x8)
                0x50800000                __core0_irq_stack_end__ = .
                0x50800000                __core0_process_stack_base__ = .
                0x50800000                __core0_main_thread_stack_base__ = .
                0x50800800                . = (. + __core0_process_stack_size__)
 *fill*         0x50800000      0x800 
                0x50800800                . = ALIGN (0x8)
                0x50800800                __core0_process_stack_end__ = .
                0x50800800                __core0_main_thread_stack_end__ = .

.core2_stacks   0x52800000     0x1000
                0x52800000                . = ALIGN (0x8)
                0x52800000                __irq_stack_base__ = .
                0x52800000                . = (. + __irq_stack_size__)
                0x52800000                . = ALIGN (0x8)
                0x52800000                __irq_stack_end__ = .
                0x52800000                __process_stack_base__ = .
                0x52800000                __main_thread_stack_base__ = .
                0x52801000                . = (. + __process_stack_size__)
 *fill*         0x52800000     0x1000 
                0x52801000                . = ALIGN (0x8)
                0x52801000                __process_stack_end__ = .
                0x52801000                __main_thread_stack_end__ = .

.data           0x400a8000      0x226 load address 0x00fc7fe0
                0x400a8000                . = ALIGN (0x4)
                0x400a8000                __data_start__ = .
 *(.data)
 *(.data.*)
 .data.can_config_can1
                0x400a8000       0xdc build/obj/can_lld_cfg.o
                0x400a8000                can_config_can1
 .data.can_config_can4
                0x400a80dc       0xdc build/obj/can_lld_cfg.o
                0x400a80dc                can_config_can4
 .data.spc_mscr_io_init
                0x400a81b8       0x3c build/obj/board.o
 .data.pal_default_config
                0x400a81f4        0x8 build/obj/board.o
 .data.spc_mscr_mux_init
                0x400a81fc       0x18 build/obj/board.o
 .data.eirqconf
                0x400a8214        0x8 build/obj/eirq_cfg.o
                0x400a8214                eirqconf
 .data.h14Dst   0x400a821c        0x4 build/obj/main.o
                0x400a821c                h14Dst
 .data.h10Bst   0x400a8220        0x6 build/obj/main.o
                0x400a8220                h10Bst
 *(.gnu.linkonce.d.*)

.sdata          0x400a8226        0x2 load address 0x00fc8206
                0x400a8228                . = ALIGN (0x4)
 *fill*         0x400a8226        0x2 
                0x400b0228                __sdata_start__ = (. + 0x8000)
 *(.sdata)
 .sdata         0x400a8228        0x0 build/obj/boot.o
                0x400b0228                _SDA_BASE_
 *(.sdata.*)
 *(.gnu.linkonce.s.*)
                0x400a8228                __data_end__ = .

.sbss           0x400a8228        0x0
                0x400a8228                __bss_start__ = .
 *(.sbss)
 *(.sbss.*)
 *(.gnu.linkonce.sb.*)
 *(.scommon)

.bss            0x400a8228     0x8350 load address 0x00fc8208
 *(.bss)
 *(.bss.*)
 .bss.channels  0x400a8228      0x100 build/obj/spc5_edma.o
 .bss.CAND2     0x400a8328       0x10 build/obj/can_lld.o
                0x400a8328                CAND2
 .bss.CAND7     0x400a8338       0x10 build/obj/can_lld.o
                0x400a8338                CAND7
 .bss.pxDelayedTaskList
                0x400a8348        0x4 build/obj/tasks.o
 .bss.xNumOfOverflows
                0x400a834c        0x4 build/obj/tasks.o
 .bss.uxPendedTicks
                0x400a8350        0x4 build/obj/tasks.o
 .bss.pxReadyTasksLists
                0x400a8354       0x50 build/obj/tasks.o
 .bss.uxSchedulerSuspended
                0x400a83a4        0x4 build/obj/tasks.o
 .bss.uxCurrentNumberOfTasks
                0x400a83a8        0x4 build/obj/tasks.o
 .bss.pxCurrentTCB
                0x400a83ac        0x4 build/obj/tasks.o
                0x400a83ac                pxCurrentTCB
 .bss.xNextTaskUnblockTime
                0x400a83b0        0x4 build/obj/tasks.o
 .bss.xDelayedTaskList1
                0x400a83b4       0x14 build/obj/tasks.o
 .bss.xTickCount
                0x400a83c8        0x4 build/obj/tasks.o
 .bss.pxOverflowDelayedTaskList
                0x400a83cc        0x4 build/obj/tasks.o
 .bss.xPendingReadyList
                0x400a83d0       0x14 build/obj/tasks.o
 .bss.uxTaskNumber
                0x400a83e4        0x4 build/obj/tasks.o
 .bss.xSchedulerRunning
                0x400a83e8        0x4 build/obj/tasks.o
 .bss.xDelayedTaskList2
                0x400a83ec       0x14 build/obj/tasks.o
 .bss.xIdleTaskHandle
                0x400a8400        0x4 build/obj/tasks.o
 .bss.xSuspendedTaskList
                0x400a8404       0x14 build/obj/tasks.o
 .bss.uxTopReadyPriority
                0x400a8418        0x4 build/obj/tasks.o
 .bss.xYieldPending
                0x400a841c        0x4 build/obj/tasks.o
 .bss.xFreeBytesRemaining
                0x400a8420        0x4 build/obj/heap_4.o
 .bss.pxEnd     0x400a8424        0x4 build/obj/heap_4.o
 .bss.xStart    0x400a8428        0x8 build/obj/heap_4.o
 .bss.ucHeap    0x400a8430     0x8000 build/obj/heap_4.o
 .bss.xBlockAllocatedBit
                0x400b0430        0x4 build/obj/heap_4.o
 .bss.xMinimumEverFreeBytesRemaining
                0x400b0434        0x4 build/obj/heap_4.o
 .bss.osalsystime
                0x400b0438        0x4 build/obj/osal.o
 .bss.osal_ticks_per_sec
                0x400b043c        0x4 build/obj/osal.o
 .bss.osalTimeOps
                0x400b0440       0x30 build/obj/osal.o
 .bss.cnt.19521
                0x400b0470        0x4 build/obj/main.o
 .bss.cnt.19506
                0x400b0474        0x4 build/obj/main.o
 .bss.rx        0x400b0478       0x50 build/obj/main.o
                0x400b0478                rx
 .bss.cnt.19516
                0x400b04c8        0x4 build/obj/main.o
 .bss.tx14D     0x400b04cc       0x4c build/obj/main.o
                0x400b04cc                tx14D
 .bss.rtoscnt   0x400b0518        0x4 build/obj/main.o
                0x400b0518                rtoscnt
 .bss.lastEnable.19477
                0x400b051c        0x1 build/obj/main.o
 *fill*         0x400b051d        0x3 
 .bss.cnt.19493
                0x400b0520        0x4 build/obj/main.o
 .bss.tx10B     0x400b0524       0x4c build/obj/main.o
                0x400b0524                tx10B
 .bss.h303st    0x400b0570        0x8 build/obj/main.o
                0x400b0570                h303st
 *(.gnu.linkonce.b.*)
 *(COMMON)
                0x400b0578                __bss_end__ = .
                0x400b0578                __heap_base__ = __bss_end__
                0x40108000                __heap_end__ = __ram_end__
LOAD c:/spc5studio-6.0/eclipse/plugins/com.st.tools.spc5.tools.gnu.gcc.ppcvle.win32_4.9.4.20200908161514/toolchain/bin/../lib/gcc/powerpc-eabivle/4.9.4/e200z4\libgcc.a
LOAD c:/spc5studio-6.0/eclipse/plugins/com.st.tools.spc5.tools.gnu.gcc.ppcvle.win32_4.9.4.20200908161514/toolchain/bin/../lib/gcc/powerpc-eabivle/4.9.4/../../../../powerpc-eabivle/lib/e200z4\libc.a
LOAD c:/spc5studio-6.0/eclipse/plugins/com.st.tools.spc5.tools.gnu.gcc.ppcvle.win32_4.9.4.20200908161514/toolchain/bin/../lib/gcc/powerpc-eabivle/4.9.4/e200z4\libgcc.a
OUTPUT(build/out.elf elf32-powerpc)

.iplt           0x400b0580        0x0 load address 0x00fd0560
 .iplt          0x400b0580        0x0 build/obj/boot.o

.PPC.EMB.apuinfo
                0x00000000       0x1c
 .PPC.EMB.apuinfo
                0x00000000       0x18 build/obj/boot.o
 .PPC.EMB.apuinfo
                0x00000018       0x18 build/obj/crt0.o
 .PPC.EMB.apuinfo
                0x00000030       0x18 build/obj/portasm.o
 .PPC.EMB.apuinfo
                0x00000048       0x18 build/obj/vectors.o
 .PPC.EMB.apuinfo
                0x00000060       0x1c build/obj/cache.o
 .PPC.EMB.apuinfo
                0x0000007c       0x18 build/obj/spc5_lld.o
 .PPC.EMB.apuinfo
                0x00000094       0x18 build/obj/spc5_edma.o
 .PPC.EMB.apuinfo
                0x000000ac       0x1c build/obj/can_lld.o
 .PPC.EMB.apuinfo
                0x000000c8       0x18 build/obj/list.o
 .PPC.EMB.apuinfo
                0x000000e0       0x1c build/obj/event_groups.o
 .PPC.EMB.apuinfo
                0x000000fc       0x1c build/obj/queue.o
 .PPC.EMB.apuinfo
                0x00000118       0x1c build/obj/stream_buffer.o
 .PPC.EMB.apuinfo
                0x00000134       0x1c build/obj/tasks.o
 .PPC.EMB.apuinfo
                0x00000150       0x18 build/obj/port.o
 .PPC.EMB.apuinfo
                0x00000168       0x18 build/obj/heap_4.o
 .PPC.EMB.apuinfo
                0x00000180       0x18 build/obj/pal.o
 .PPC.EMB.apuinfo
                0x00000198       0x1c build/obj/clock.o
 .PPC.EMB.apuinfo
                0x000001b4       0x18 build/obj/irq.o
 .PPC.EMB.apuinfo
                0x000001cc       0x18 build/obj/eirq.o
 .PPC.EMB.apuinfo
                0x000001e4       0x18 build/obj/swirq.o
 .PPC.EMB.apuinfo
                0x000001fc       0x18 build/obj/osal.o
 .PPC.EMB.apuinfo
                0x00000214       0x18 build/obj/systimer.o
 .PPC.EMB.apuinfo
                0x0000022c       0x18 build/obj/board.o
 .PPC.EMB.apuinfo
                0x00000244       0x18 build/obj/irq_cfg.o
 .PPC.EMB.apuinfo
                0x0000025c       0x18 build/obj/swirq_cfg.o
 .PPC.EMB.apuinfo
                0x00000274       0x18 build/obj/main.o
 .PPC.EMB.apuinfo
                0x0000028c       0x18 build/obj/crc.o
 .PPC.EMB.apuinfo
                0x000002a4       0x18 build/obj/components.o
 .PPC.EMB.apuinfo
                0x000002bc       0x18 c:/spc5studio-6.0/eclipse/plugins/com.st.tools.spc5.tools.gnu.gcc.ppcvle.win32_4.9.4.20200908161514/toolchain/bin/../lib/gcc/powerpc-eabivle/4.9.4/../../../../powerpc-eabivle/lib/e200z4\libc.a(lib_a-memcpy.o)
 .PPC.EMB.apuinfo