Archive member included to satisfy reference by file (symbol)

c:/spc5studio-6.0/eclipse/plugins/com.st.tools.spc5.tools.gnu.gcc.ppcvle.win32_4.9.4.20200908161514/toolchain/bin/../lib/gcc/powerpc-eabivle/4.9.4/../../../../powerpc-eabivle/lib/e200z4\libc.a(lib_a-memcpy.o)
                              build/obj/can_lld.o (memcpy)
c:/spc5studio-6.0/eclipse/plugins/com.st.tools.spc5.tools.gnu.gcc.ppcvle.win32_4.9.4.20200908161514/toolchain/bin/../lib/gcc/powerpc-eabivle/4.9.4/../../../../powerpc-eabivle/lib/e200z4\libc.a(lib_a-memset.o)
                              build/obj/stream_buffer.o (memset)
c:/spc5studio-6.0/eclipse/plugins/com.st.tools.spc5.tools.gnu.gcc.ppcvle.win32_4.9.4.20200908161514/toolchain/bin/../lib/gcc/powerpc-eabivle/4.9.4/e200z4\libgcc.a(_fixunsdfsi.o)
                              build/obj/main.o (__fixunsdfsi)
c:/spc5studio-6.0/eclipse/plugins/com.st.tools.spc5.tools.gnu.gcc.ppcvle.win32_4.9.4.20200908161514/toolchain/bin/../lib/gcc/powerpc-eabivle/4.9.4/e200z4\libgcc.a(_addsub_sf.o)
                              build/obj/CANparse.o (__subsf3)
c:/spc5studio-6.0/eclipse/plugins/com.st.tools.spc5.tools.gnu.gcc.ppcvle.win32_4.9.4.20200908161514/toolchain/bin/../lib/gcc/powerpc-eabivle/4.9.4/e200z4\libgcc.a(_mul_sf.o)
                              build/obj/CANparse.o (__mulsf3)
c:/spc5studio-6.0/eclipse/plugins/com.st.tools.spc5.tools.gnu.gcc.ppcvle.win32_4.9.4.20200908161514/toolchain/bin/../lib/gcc/powerpc-eabivle/4.9.4/e200z4\libgcc.a(_gt_sf.o)
                              build/obj/main.o (__gtsf2)
c:/spc5studio-6.0/eclipse/plugins/com.st.tools.spc5.tools.gnu.gcc.ppcvle.win32_4.9.4.20200908161514/toolchain/bin/../lib/gcc/powerpc-eabivle/4.9.4/e200z4\libgcc.a(_lt_sf.o)
                              build/obj/h302.o (__ltsf2)
c:/spc5studio-6.0/eclipse/plugins/com.st.tools.spc5.tools.gnu.gcc.ppcvle.win32_4.9.4.20200908161514/toolchain/bin/../lib/gcc/powerpc-eabivle/4.9.4/e200z4\libgcc.a(_sf_to_df.o)
                              build/obj/main.o (__extendsfdf2)
c:/spc5studio-6.0/eclipse/plugins/com.st.tools.spc5.tools.gnu.gcc.ppcvle.win32_4.9.4.20200908161514/toolchain/bin/../lib/gcc/powerpc-eabivle/4.9.4/e200z4\libgcc.a(_thenan_sf.o)
                              c:/spc5studio-6.0/eclipse/plugins/com.st.tools.spc5.tools.gnu.gcc.ppcvle.win32_4.9.4.20200908161514/toolchain/bin/../lib/gcc/powerpc-eabivle/4.9.4/e200z4\libgcc.a(_addsub_sf.o) (__thenan_sf)
c:/spc5studio-6.0/eclipse/plugins/com.st.tools.spc5.tools.gnu.gcc.ppcvle.win32_4.9.4.20200908161514/toolchain/bin/../lib/gcc/powerpc-eabivle/4.9.4/e200z4\libgcc.a(_usi_to_sf.o)
                              build/obj/CANparse.o (__floatunsisf)
c:/spc5studio-6.0/eclipse/plugins/com.st.tools.spc5.tools.gnu.gcc.ppcvle.win32_4.9.4.20200908161514/toolchain/bin/../lib/gcc/powerpc-eabivle/4.9.4/e200z4\libgcc.a(_addsub_df.o)
                              build/obj/CANparse.o (__subdf3)
c:/spc5studio-6.0/eclipse/plugins/com.st.tools.spc5.tools.gnu.gcc.ppcvle.win32_4.9.4.20200908161514/toolchain/bin/../lib/gcc/powerpc-eabivle/4.9.4/e200z4\libgcc.a(_mul_df.o)
                              build/obj/CANparse.o (__muldf3)
c:/spc5studio-6.0/eclipse/plugins/com.st.tools.spc5.tools.gnu.gcc.ppcvle.win32_4.9.4.20200908161514/toolchain/bin/../lib/gcc/powerpc-eabivle/4.9.4/e200z4\libgcc.a(_div_df.o)
                              build/obj/main.o (__divdf3)
c:/spc5studio-6.0/eclipse/plugins/com.st.tools.spc5.tools.gnu.gcc.ppcvle.win32_4.9.4.20200908161514/toolchain/bin/../lib/gcc/powerpc-eabivle/4.9.4/e200z4\libgcc.a(_ge_df.o)
                              c:/spc5studio-6.0/eclipse/plugins/com.st.tools.spc5.tools.gnu.gcc.ppcvle.win32_4.9.4.20200908161514/toolchain/bin/../lib/gcc/powerpc-eabivle/4.9.4/e200z4\libgcc.a(_fixunsdfsi.o) (__gedf2)
c:/spc5studio-6.0/eclipse/plugins/com.st.tools.spc5.tools.gnu.gcc.ppcvle.win32_4.9.4.20200908161514/toolchain/bin/../lib/gcc/powerpc-eabivle/4.9.4/e200z4\libgcc.a(_si_to_df.o)
                              build/obj/CANparse.o (__floatsidf)
c:/spc5studio-6.0/eclipse/plugins/com.st.tools.spc5.tools.gnu.gcc.ppcvle.win32_4.9.4.20200908161514/toolchain/bin/../lib/gcc/powerpc-eabivle/4.9.4/e200z4\libgcc.a(_df_to_si.o)
                              c:/spc5studio-6.0/eclipse/plugins/com.st.tools.spc5.tools.gnu.gcc.ppcvle.win32_4.9.4.20200908161514/toolchain/bin/../lib/gcc/powerpc-eabivle/4.9.4/e200z4\libgcc.a(_fixunsdfsi.o) (__fixdfsi)
c:/spc5studio-6.0/eclipse/plugins/com.st.tools.spc5.tools.gnu.gcc.ppcvle.win32_4.9.4.20200908161514/toolchain/bin/../lib/gcc/powerpc-eabivle/4.9.4/e200z4\libgcc.a(_make_df.o)
                              c:/spc5studio-6.0/eclipse/plugins/com.st.tools.spc5.tools.gnu.gcc.ppcvle.win32_4.9.4.20200908161514/toolchain/bin/../lib/gcc/powerpc-eabivle/4.9.4/e200z4\libgcc.a(_sf_to_df.o) (__make_dp)
c:/spc5studio-6.0/eclipse/plugins/com.st.tools.spc5.tools.gnu.gcc.ppcvle.win32_4.9.4.20200908161514/toolchain/bin/../lib/gcc/powerpc-eabivle/4.9.4/e200z4\libgcc.a(_df_to_sf.o)
[...]
Memory Configuration

Name             Origin             Length             Attributes
hsmflash         0x0060c000         0x00024000
dataflash        0x00800000         0x00020000
flash            0x00fc0000         0x00400000
ram              0x400a8000         0x00060000
dram0            0x50800000         0x00010000
dram2            0x52800000         0x00010000
*default*        0x00000000         0xffffffff

Linker script and memory map

LOAD build/obj/boot.o
LOAD build/obj/crt0.o
LOAD build/obj/portasm.o
LOAD build/obj/vectors.o
LOAD build/obj/ivor.o
LOAD build/obj/core0.o
LOAD build/obj/cache.o
LOAD build/obj/spc5_lld.o
LOAD build/obj/spc5_edma.o
LOAD build/obj/can_lld.o
LOAD build/obj/croutine.o
LOAD build/obj/list.o
LOAD build/obj/event_groups.o
LOAD build/obj/queue.o
LOAD build/obj/stream_buffer.o
LOAD build/obj/tasks.o
LOAD build/obj/timers.o
LOAD build/obj/port.o
LOAD build/obj/heap_4.o
LOAD build/obj/pal.o
LOAD build/obj/clock.o
LOAD build/obj/irq.o
LOAD build/obj/eirq.o
LOAD build/obj/swirq.o
LOAD build/obj/osal.o
LOAD build/obj/systimer.o
LOAD build/obj/can_lld_cfg.o
LOAD build/obj/board.o
LOAD build/obj/irq_cfg.o
LOAD build/obj/eirq_cfg.o
LOAD build/obj/swirq_cfg.o
LOAD build/obj/main.o
LOAD build/obj/h302.o
LOAD build/obj/h10B.o
LOAD build/obj/h106.o
LOAD build/obj/crc.o
LOAD build/obj/h14D.o
LOAD build/obj/CANparse.o
LOAD build/obj/components.o
LOAD c:/spc5studio-6.0/eclipse/plugins/com.st.tools.spc5.tools.gnu.gcc.ppcvle.win32_4.9.4.20200908161514/toolchain/bin/../lib/gcc/powerpc-eabivle/4.9.4/../../../../powerpc-eabivle/lib/e200z4\libm.a
LOAD c:/spc5studio-6.0/eclipse/plugins/com.st.tools.spc5.tools.gnu.gcc.ppcvle.win32_4.9.4.20200908161514/toolchain/bin/../lib/gcc/powerpc-eabivle/4.9.4/../../../../powerpc-eabivle/lib/e200z4\libc.a
                0x00000000                __irq_stack_size__ = 0x0
                0x00001000                __process_stack_size__ = 0x1000
                0x00000000                __core0_irq_stack_size__ = 0x0
                0x00000800                __core0_process_stack_size__ = 0x800
                0x00400000                __flash_size__ = LENGTH (flash)
                0x00fc0000                __flash_start__ = ORIGIN (flash)
                0x013c0000                __flash_end__ = (ORIGIN (flash) + LENGTH (flash))
                0x00060000                __ram_size__ = LENGTH (ram)
                0x400a8000                __ram_start__ = ORIGIN (ram)
                0x40108000                __ram_end__ = (ORIGIN (ram) + LENGTH (ram))
                0x00010000                __dram0_size__ = LENGTH (dram0)
                0x50800000                __dram0_start__ = ORIGIN (dram0)
                0x50810000                __dram0_end__ = (ORIGIN (dram0) + LENGTH (dram0))
                0x00010000                __dram2_size__ = LENGTH (dram2)
                0x52800000                __dram2_start__ = ORIGIN (dram2)
                0x52810000                __dram2_end__ = (ORIGIN (dram2) + LENGTH (dram2))
                0x400a8000                . = ORIGIN (ram)

.boot0          0x400a8000      0x42a
 *(.boot)
 .boot          0x400a8000      0x1ee build/obj/boot.o
                0x400a800c                _reset_address0
                0x400a8030                _reset_address2
                0x400a8058                _boot_address0
 *(.handlers)
 *fill*         0x400a81ee        0x2 
 .handlers      0x400a81f0        0x6 build/obj/boot.o
                0x400a81f0                _C0_IVOR15
                0x400a81f0                _C0_IVOR1
                0x400a81f0                _C0_IVOR14
                0x400a81f0                _C0_IVOR12
                0x400a81f0                _C0_IVOR7
                0x400a81f0                _C0_IVOR2
                0x400a81f0                _C0_IVOR8
                0x400a81f0                _C0_IVOR5
                0x400a81f0                _C0_IVOR11
                0x400a81f0                _C0_IVOR9
                0x400a81f0                _C0_IVOR13
                0x400a81f0                _unhandled_exception0
                0x400a81f0                _C0_IVOR6
                0x400a81f0                _C0_IVOR0
                0x400a81f0                _C0_IVOR3
                0x400a81f4                _IVOR0
                0x400a81f4                _IVOR12
                0x400a81f4                _IVOR9
                0x400a81f4                _IVOR1
                0x400a81f4                _unhandled_exception2
                0x400a81f4                _IVOR14
                0x400a81f4                _IVOR6
                0x400a81f4                _IVOR5
                0x400a81f4                _IVOR13
                0x400a81f4                _IVOR3
                0x400a81f4                _IVOR7
                0x400a81f4                _IVOR2
                0x400a81f4                _IVOR11
                0x400a81f4                _IVOR15
 *fill*         0x400a81f6        0xa 
 .handlers      0x400a8200      0x1c2 build/obj/portasm.o
                0x400a8200                _IVOR8
                0x400a82a0                _IVOR4
                0x400a8370                vPortStartFirstTask
 *(.crt0)
 *fill*         0x400a83c2        0xe 
 .crt0          0x400a83d0       0x5a build/obj/crt0.o
                0x400a83d0                _boot_address
                0x400a8420                _main_exit_handler
                0x400a8426                __late_init
                0x400a8428                __eabi

.boot1          0x400a8430     0x1bd2
                0x400a8500                . = ALIGN (0x100)
 *fill*         0x400a8430       0xd0 
                0x400a8500                __ivpr0_base__ = .
 *(.core0_ivors)
 .core0_ivors   0x400a8500       0xf4 build/obj/boot.o
                0x400a8500                C0_IVORS
                0x400a8600                . = ALIGN (0x100)
 *fill*         0x400a85f4        0xc 
                0x400a8600                __ivpr2_base__ = .
 *(.core2_ivors)
 .core2_ivors   0x400a8600       0xf4 build/obj/boot.o
                0x400a8600                IVORS
                0x400a9000                . = ALIGN (0x1000)
 *fill*         0x400a86f4      0x90c 
 *(.vectors)
 .vectors       0x400a9000     0x1002 build/obj/vectors.o
                0x400a9000                _vectors
                0x400aa000                vector276
                0x400aa000                vector827
                0x400aa000                vector403
                0x400aa000                vector444
                0x400aa000                vector837
                0x400aa000                vector646
                0x400aa000                vector120
                0x400aa000                vector710
                0x400aa000                vector548
                0x400aa000                vector464
                0x400aa000                vector198
                0x400aa000                vector971
                0x400aa000                vector937
                0x400aa000                vector723
                0x400aa000                vector15
                0x400aa000                vector769
                0x400aa000                vector569
                0x400aa000                vector664
                0x400aa000                vector294
                0x400aa000                vector529
                0x400aa000                vector722
                0x400aa000                vector725
                0x400aa000                vector848
                0x400aa000                vector1017
                0x400aa000                vector501
                0x400aa000                vector151
                0x400aa000                vector487
                0x400aa000                vector50
                0x400aa000                vector25
                0x400aa000                vector234
                0x400aa000                vector387
                0x400aa000                vector933
                0x400aa000                vector602
                0x400aa000                vector232
                0x400aa000                vector635
                0x400aa000                vector878
                0x400aa000                vector407
                0x400aa000                vector757
                0x400aa000                vector772
                0x400aa000                vector729
                0x400aa000                vector342
                0x400aa000                vector149
                0x400aa000                vector265
                0x400aa000                vector880
                0x400aa000                vector401
                0x400aa000                vector1003
                0x400aa000                vector759
                0x400aa000                vector982
                0x400aa000                vector774
                0x400aa000                vector604
                0x400aa000                vector163
                0x400aa000                vector513
                0x400aa000                vector351
                0x400aa000                vector481
                0x400aa000                vector220
                0x400aa000                vector835
                0x400aa000                vector421
                0x400aa000                vector179
                0x400aa000                vector764
                0x400aa000                vector990
                0x400aa000                vector308
                0x400aa000                vector537
                0x400aa000                vector187
                0x400aa000                vector1015
                0x400aa000                vector804
                0x400aa000                vector909
                0x400aa000                vector886
                0x400aa000                vector424
                0x400aa000                vector843
                0x400aa000                vector467
                0x400aa000                vector680
                0x400aa000                vector225
                0x400aa000                vector370
                0x400aa000                vector337
                0x400aa000                vector739
                0x400aa000                vector1009
                0x400aa000                vector814
                0x400aa000                vector542
                0x400aa000                vector192
                0x400aa000                vector516
                0x400aa000                vector551
                0x400aa000                vector127
                0x400aa000                vector302
                0x400aa000                vector30
                0x400aa000                vector841
                0x400aa000                vector382
                0x400aa000                vector883
                0x400aa000                vector599
                0x400aa000                vector494
                0x400aa000                vector556
                0x400aa000                vector743
                0x400aa000                vector437
                0x400aa000                vector1023
                0x400aa000                vector134
                0x400aa000                vector223
                0x400aa000                vector988
                0x400aa000                vector46
                0x400aa000                vector786
                0x400aa000                vector794
                0x400aa000                vector638
                0x400aa000                vector268
                0x400aa000                vector34
                0x400aa000                vector881
                0x400aa000                vector945
                0x400aa000                vector892
                0x400aa000                vector662
                0x400aa000                vector292
                0x400aa000                vector325
                0x400aa000                vector367
                0x400aa000                vector386
                0x400aa000                vector994
                0x400aa000                vector218
                0x400aa000                vector410
                0x400aa000                vector322
                0x400aa000                vector888
                0x400aa000                vector713
                0x400aa000                vector341
                0x400aa000                vector393
                0x400aa000                vector8
                0x400aa000                vector582
                0x400aa000                vector634
                0x400aa000                vector264
                0x400aa000                vector916
                0x400aa000                vector842
                0x400aa000                vector510
                0x400aa000                vector887
                0x400aa000                vector927
                0x400aa000                vector511
                0x400aa000                vector161
                0x400aa000                vector472
                0x400aa000                vector628
                0x400aa000                vector258
                0x400aa000                vector160
                0x400aa000                vector344
                0x400aa000                vector559
                0x400aa000                vector490
                0x400aa000                vector727
                0x400aa000                vector423
                0x400aa000                vector995
                0x400aa000                vector826
                0x400aa000                vector416
                0x400aa000                vector157
                0x400aa000                vector215
                0x400aa000                vector352
                0x400aa000                vector347
                0x400aa000                vector389
                0x400aa000                vector507
                0x400aa000                vector908
                0x400aa000                vector205
                0x400aa000                vector364
                0x400aa000                vector596
                0x400aa000                vector555
                0x400aa000                vector681
                0x400aa000                vector904
                0x400aa000                vector850
                0x400aa000                vector197
                0x400aa000                vector547
                0x400aa000                vector893
                0x400aa000                vector553
                0x400aa000                vector129
                0x400aa000                vector455
                0x400aa000                vector920
                0x400aa000                vector502
                0x400aa000                vector152
                0x400aa000                vector838
                0x400aa000                vector459
                0x400aa000                vector823
                0x400aa000                vector868
                0x400aa000                vector37
                0x400aa000                vector690
                0x400aa000                vector339
                0x400aa000                vector415
                0x400aa000                vector972
                0x400aa000                vector598
                0x400aa000                vector600
                0x400aa000                vector230
                0x400aa000                vector761
                0x400aa000                vector532
                0x400aa000                vector182
                0x400aa000                vector469
                0x400aa000                vector273
                0x400aa000                vector523
                0x400aa000                vector173
                0x400aa000                vector637
                0x400aa000                vector643
                0x400aa000                vector44
                0x400aa000                vector731
                0x400aa000                vector830
                0x400aa000                vector991
                0x400aa000                vector670
                0x400aa000                vector49
                0x400aa000                vector267
                0x400aa000                vector117
                0x400aa000                vector566
                0x400aa000                vector485
                0x400aa000                vector675
                0x400aa000                vector704
                0x400aa000                vector222
                0x400aa000                vector978
                0x400aa000                vector426
                0x400aa000                vector379
                0x400aa000                vector956
                0x400aa000                vector442
                0x400aa000                vector911
                0x400aa000                vector336
                0x400aa000                vector686
                0x400aa000                vector943
                0x400aa000                vector818
                0x400aa000                vector572
                0x400aa000                vector712
                0x400aa000                vector321
                0x400aa000                vector575
                0x400aa000                vector1002
                0x400aa000                vector383
                0x400aa000                vector309
                0x400aa000                vector719
                0x400aa000                vector466
                0x400aa000                vector950
                0x400aa000                vector1000
                0x400aa000                vector12
                0x400aa000                vector1007
                0x400aa000                vector20
                0x400aa000                vector986
                0x400aa000                vector863
                0x400aa000                vector18
                0x400aa000                vector366
                0x400aa000                vector776
                0x400aa000                vector491
                0x400aa000                vector456
                0x400aa000                vector417
                0x400aa000                vector286
                0x400aa000                vector319
                0x400aa000                vector907
                0x400aa000                vector873
                0x400aa000                vector656
                0x400aa000                vector303
                0x400aa000                vector166
                0x400aa000                vector434
                0x400aa000                vector594
                0x400aa000                vector489
                0x400aa000                vector931
                0x400aa000                vector658
                0x400aa000                vector288
                0x400aa000                vector564
                0x400aa000                vector861
                0x400aa000                vector906
                0x400aa000                vector184
                0x400aa000                vector577
                0x400aa000                vector683
                0x400aa000                vector358
                0x400aa000                vector446
                0x400aa000                vector326
                0x400aa000                vector207
                0x400aa000                vector915
                0x400aa000                vector585
                0x400aa000                vector636
                0x400aa000                vector266
                0x400aa000                vector411
                0x400aa000                vector692
                0x400aa000                vector188
                0x400aa000                vector538
                0x400aa000                vector540
                0x400aa000                vector190
                0x400aa000                vector609
                0x400aa000                vector239
                0x400aa000                vector567
                0x400aa000                vector534
                0x400aa000                vector360
                0x400aa000                vector17
                0x400aa000                vector1005
                0x400aa000                vector654
                0x400aa000                vector284
                0x400aa000                vector452
                0x400aa000                vector782
                0x400aa000                vector831
                0x400aa000                vector685
                0x400aa000                vector766
                0x400aa000                vector633
                0x400aa000                vector263
                0x400aa000                vector581
                0x400aa000                vector882
                0x400aa000                vector768
                0x400aa000                vector869
                0x400aa000                vector992
                0x400aa000                vector315
                0x400aa000                vector976
                0x400aa000                vector640
                0x400aa000                vector270
                0x400aa000                vector717
                0x400aa000                vector755
                0x400aa000                vector735
                0x400aa000                vector699
                0x400aa000                vector439
                0x400aa000                vector721
                0x400aa000                vector497
                0x400aa000                vector824
                0x400aa000                vector847
                0x400aa000                vector48
                0x400aa000                vector926
                0x400aa000                vector781
                0x400aa000                vector984
                0x400aa000                vector462
                0x400aa000                vector586
                0x400aa000                vector299
                0x400aa000                vector669
                0x400aa000                vector146
                0x400aa000                vector897
                0x400aa000                vector815
                0x400aa000                vector541
                0x400aa000                vector191
                0x400aa000                vector350
                0x400aa000                vector997
                0x400aa000                vector854
                0x400aa000                vector447
                0x400aa000                vector11
                0x400aa000                vector14
                0x400aa000                vector952
                0x400aa000                vector499
                0x400aa000                vector480
                0x400aa000                vector397
                0x400aa000                vector941
                0x400aa000                vector454
                0x400aa000                vector708
                0x400aa000                vector679
                0x400aa000                vector406
                0x400aa000                vector969
                0x400aa000                vector338
                0x400aa000                vector385
                0x400aa000                vector936
                0x400aa000                vector148
                0x400aa000                vector221
                0x400aa000                vector912
                0x400aa000                vector353
                0x400aa000                vector219
                0x400aa000                vector310
                0x400aa000                vector659
                0x400aa000                vector289
                0x400aa000                vector663
                0x400aa000                vector293
                0x400aa000                vector957
                0x400aa000                vector521
                0x400aa000                vector171
                0x400aa000                vector504
                0x400aa000                vector340
                0x400aa000                vector851
                0x400aa000                vector449
                0x400aa000                vector405
                0x400aa000                vector800
                0x400aa000                vector716
                0x400aa000                vector849
                0x400aa000                vector154
                0x400aa000                vector36
                0x400aa000                vector894
                0x400aa000                vector605
                0x400aa000                vector235
                0x400aa000                vector874
                0x400aa000                vector272
                0x400aa000                vector642
                0x400aa000                vector563
                0x400aa000                vector902
                0x400aa000                vector949
                0x400aa000                vector121
                0x400aa000                vector867
                0x400aa000                vector914
                0x400aa000                vector879
                0x400aa000                vector153
                0x400aa000                vector514
                0x400aa000                vector164
                0x400aa000                vector973
                0x400aa000                vector1012
                0x400aa000                vector754
                0x400aa000                vector5
                0x400aa000                vector320
                0x400aa000                vector249
                0x400aa000                vector938
                0x400aa000                vector836
                0x400aa000                vector318
                0x400aa000                vector365
                0x400aa000                vector619
                0x400aa000                vector822
                0x400aa000                vector517
                0x400aa000                vector167
                0x400aa000                vector944
                0x400aa000                vector505
                0x400aa000                vector155
                0x400aa000                vector503
                0x400aa000                vector139
                0x400aa000                vector987
                0x400aa000                vector618
                0x400aa000                vector248
                0x400aa000                vector479
                0x400aa000                vector343
                0x400aa000                vector123
                0x400aa000                vector304
                0x400aa000                vector150
                0x400aa000                vector590
                0x400aa000                vector545
                0x400aa000                vector195
                0x400aa000                vector587
                0x400aa000                vector500
                0x400aa000                vector865
                0x400aa000                vector665
                0x400aa000                vector295
                0x400aa000                vector388
                0x400aa000                vector799
                0x400aa000                vector203
                0x400aa000                vector959
                0x400aa000                vector684
                0x400aa000                vector31
                0x400aa000                vector939
                0x400aa000                vector427
                0x400aa000                vector891
                0x400aa000                vector641
                0x400aa000                vector271
                0x400aa000                vector820
                0x400aa000                vector620
                0x400aa000                vector250
                0x400aa000                vector785
                0x400aa000                vector471
                0x400aa000                vector28
                0x400aa000                vector703
                0x400aa000                vector550
                0x400aa000                vector910
                0x400aa000                vector126
                0x400aa000                vector323
                0x400aa000                vector744
                0x400aa000                vector955
                0x400aa000                vector368
                0x400aa000                vector934
                0x400aa000                vector519
                0x400aa000                vector169
                0x400aa000                vector809
                0x400aa000                vector413
                0x400aa000                vector866
                0x400aa000                vector821
                0x400aa000                vector457
                0x400aa000                vector147
                0x400aa000                vector780
                0x400aa000                vector742
                0x400aa000                vector392
                0x400aa000                vector474
                0x400aa000                vector603
                0x400aa000                vector233
                0x400aa000                vector593
                0x400aa000                vector202
                0x400aa000                vector373
                0x400aa000                vector1019
                0x400aa000                vector441
                0x400aa000                vector756
                0x400aa000                vector787
                0x400aa000                vector749
                0x400aa000                vector966
                0x400aa000                vector698
                0x400aa000                vector204
                0x400aa000                vector591
                0x400aa000                vector124
                0x400aa000                vector653
                0x400aa000                vector283
                0x400aa000                vector726
                0x400aa000                vector484
                0x400aa000                vector630
                0x400aa000                vector260
                0x400aa000                vector668
                0x400aa000                vector298
                0x400aa000                vector657
                0x400aa000                vector287
                0x400aa000                vector22
                0x400aa000                vector247
                0x400aa000                vector617
                0x400aa000                vector137
                0x400aa000                vector979
                0x400aa000                vector330
                0x400aa000                vector561
                0x400aa000                vector923
                0x400aa000                vector6
                0x400aa000                vector279
                0x400aa000                vector649
                0x400aa000                vector607
                0x400aa000                vector237
                0x400aa000                vector27
                0x400aa000                vector468
                0x400aa000                vector701
                0x400aa000                vector277
                0x400aa000                vector647
                0x400aa000                vector118
                0x400aa000                vector328
                0x400aa000                vector918
                0x400aa000                vector477
                0x400aa000                vector579
                0x400aa000                vector312
                0x400aa000                vector132
                0x400aa000                vector372
                0x400aa000                vector355
                0x400aa000                vector661
                0x400aa000                vector291
                0x400aa000                vector970
                0x400aa000                vector998
                0x400aa000                vector217
                0x400aa000                vector1013
                0x400aa000                vector583
                0x400aa000                vector807
                0x400aa000                vector390
                0x400aa000                vector536
                0x400aa000                vector186
                0x400aa000                vector425
                0x400aa000                vector177
                0x400aa000                vector527
                0x400aa000                vector905
                0x400aa000                vector375
                0x400aa000                vector1022
                0x400aa000                vector335
                0x400aa000                vector307
                0x400aa000                vector316
                0x400aa000                vector671
                0x400aa000                vector227
                0x400aa000                vector834
                0x400aa000                vector363
                0x400aa000                vector983
                0x400aa000                vector210
                0x400aa000                vector1011
                0x400aa000                vector224
                0x400aa000                vector790
                0x400aa000                vector432
                0x400aa000                vector1018
                0x400aa000                vector728
                0x400aa000                vector21
                0x400aa000                vector803
                0x400aa000                vector872
                0x400aa000                vector41
                0x400aa000                vector381
                0x400aa000                vector346
                0x400aa000                vector940
                0x400aa000                vector738
                0x400aa000                vector378
                0x400aa000                vector436
                0x400aa000                vector650
                0x400aa000                vector924
                0x400aa000                vector993
                0x400aa000                vector613
                0x400aa000                vector492
                0x400aa000                vector495
                0x400aa000                vector174
                0x400aa000                vector524
                0x400aa000                vector362
                0x400aa000                vector211
                0x400aa000                vector418
                0x400aa000                vector889
                0x400aa000                vector450
                0x400aa000                vector128
                0x400aa000                vector753
                0x400aa000                vector844
                0x400aa000                vector16
                0x400aa000                vector960
                0x400aa000                vector714
                0x400aa000                vector595
                0x400aa000                vector946
                0x400aa000                vector51
                0x400aa000                vector460
                0x400aa000                vector552
                0x400aa000                vector765
                0x400aa000                vector1008
                0x400aa000                vector677
                0x400aa000                vector13
                0x400aa000                vector798
                0x400aa000                vector300
                0x400aa000                vector1001
                0x400aa000                vector652
                0x400aa000                vector282
                0x400aa000                vector608
                0x400aa000                vector238
                0x400aa000                vector557
                0x400aa000                vector953
                0x400aa000                vector38
                0x400aa000                vector280
                0x400aa000                vector980
                0x400aa000                vector1
                0x400aa000                vector528
                0x400aa000                vector178
                0x400aa000                vector697
                0x400aa000                vector311
                0x400aa000                vector133
                0x400aa000                vector349
                0x400aa000                vector354
                0x400aa000                vector624
                0x400aa000                vector254
                0x400aa000                vector763
                0x400aa000                vector929
                0x400aa000                vector687
                0x400aa000                vector144
                0x400aa000                vector644
                0x400aa000                vector274
                0x400aa000                vector737
                0x400aa000                vector967
                0x400aa000                vector332
                0x400aa000                vector269
                0x400aa000                vector639
                0x400aa000                vector571
                0x400aa000                vector535
                0x400aa000                vector185
                0x400aa000                vector760
                0x400aa000                vector942
                0x400aa000                vector165
                0x400aa000                vector515
                0x400aa000                vector451
                0x400aa000                vector900
                0x400aa000                vector750
                0x400aa000                vector435
                0x400aa000                vector496
                0x400aa000                vector748
                0x400aa000                vector580
                0x400aa000                vector333
                0x400aa000                vector398
                0x400aa000                vector430
                0x400aa000                vector506
                0x400aa000                vector156
                0x400aa000                vector975
                0x400aa000                vector709
                0x400aa000                vector676
                0x400aa000                vector817
                0x400aa000                vector578
                0x400aa000                vector122
                0x400aa000                vector376
                0x400aa000                vector412
                0x400aa000                vector682
                0x400aa000                vector43
                0x400aa000                vector493
                0x400aa000                vector256
                0x400aa000                vector621
                0x400aa000                vector251
                0x400aa000                vector429
                0x400aa000                _unhandled_irq
                0x400aa000                vector626
                0x400aa000                vector720
                0x400aa000                vector767
                0x400aa000                vector612
                0x400aa000                vector242
                0x400aa000                vector119
                0x400aa000                vector829
                0x400aa000                vector584
                0x400aa000                vector345
                0x400aa000                vector718
                0x400aa000                vector296
                0x400aa000                vector715
                0x400aa000                vector213
                0x400aa000                vector985
                0x400aa000                vector947
                0x400aa000                vector666
                0x400aa000                vector419
                0x400aa000                vector762
                0x400aa000                vector795
                0x400aa000                vector33
                0x400aa000                vector512
                0x400aa000                vector162
                0x400aa000                vector615
                0x400aa000                vector816
                0x400aa000                vector812
                0x400aa000                vector859
                0x400aa000                vector961
                0x400aa000                vector740
                0x400aa000                vector919
                0x400aa000                vector141
                0x400aa000                vector348
                0x400aa000                vector214
                0x400aa000                vector870
                0x400aa000                vector770
                0x400aa000                vector954
                0x400aa000                vector404
                0x400aa000                vector522
                0x400aa000                vector172
                0x400aa000                vector877
                0x400aa000                vector2
                0x400aa000                vector359
                0x400aa000                vector833
                0x400aa000                vector565
                0x400aa000                vector568
                0x400aa000                vector3
                0x400aa000                vector253
                0x400aa000                vector461
                0x400aa000                vector611
                0x400aa000                vector241
                0x400aa000                vector876
                0x400aa000                vector623
                0x400aa000                vector783
                0x400aa000                vector819
                0x400aa000                vector999
                0x400aa000                vector431
                0x400aa000                vector380
                0x400aa000                vector862
                0x400aa000                vector24
                0x400aa000                vector711
                0x400aa000                vector802
                0x400aa000                vector7
                0x400aa000                vector306
                0x400aa000                vector1014
                0x400aa000                vector539
                0x400aa000                vector475
                0x400aa000                vector189
                0x400aa000                vector930
                0x400aa000                vector200
                0x400aa000                vector655
                0x400aa000                vector773
                0x400aa000                vector138
                0x400aa000                vector864
                0x400aa000                vector627
                0x400aa000                vector257
                0x400aa000                vector562
                0x400aa000                vector974
                0x400aa000                vector285
                0x400aa000                vector414
                0x400aa000                vector476
                0x400aa000                vector736
                0x400aa000                vector928
                0x400aa000                vector839
                0x400aa000                vector989
                0x400aa000                vector610
                0x400aa000                vector384
                0x400aa000                vector734
                0x400aa000                vector601
                0x400aa000                vector231
                0x400aa000                vector968
                0x400aa000                vector278
                0x400aa000                vector648
                0x400aa000                vector329
                0x400aa000                vector747
                0x400aa000                vector606
                0x400aa000                vector236
                0x400aa000                vector1020
                0x400aa000                vector29
                0x400aa000                vector135
                0x400aa000                vector796
                0x400aa000                vector463
                0x400aa000                vector180
                0x400aa000                vector632
                0x400aa000                vector262
                0x400aa000                vector996
                0x400aa000                vector530
                0x400aa000                vector408
                0x400aa000                vector420
                0x400aa000                vector314
                0x400aa000                vector771
                0x400aa000                vector357
                0x400aa000                vector925
                0x400aa000                vector932
                0x400aa000                vector488
                0x400aa000                vector779
                0x400aa000                vector903
                0x400aa000                vector554
                0x400aa000                vector327
                0x400aa000                vector374
                0x400aa000                vector201
                0x400aa000                vector962
                0x400aa000                vector811
                0x400aa000                vector9
                0x400aa000                vector860
                0x400aa000                vector142
                0x400aa000                vector458
                0x400aa000                vector394
                0x400aa000                vector745
                0x400aa000                vector935
                0x400aa000                vector792
                0x400aa000                vector470
                0x400aa000                vector758
                0x400aa000                vector977
                0x400aa000                vector473
                0x400aa000                vector23
                0x400aa000                vector678
                0x400aa000                vector445
                0x400aa000                vector597
                0x400aa000                vector361
                0x400aa000                vector845
                0x400aa000                vector631
                0x400aa000                vector261
                0x400aa000                vector751
                0x400aa000                vector208
                0x400aa000                vector853
                0x400aa000                vector696
                0x400aa000                vector443
                0x400aa000                vector145
                0x400aa000                vector777
                0x400aa000                vector422
                0x400aa000                vector570
                0x400aa000                vector896
                0x400aa000                vector651
                0x400aa000                vector281
                0x400aa000                vector805
                0x400aa000                vector1021
                0x400aa000                vector964
                0x400aa000                vector40
                0x400aa000                vector732
                0x400aa000                vector1010
                0x400aa000                vector724
                0x400aa000                vector746
                0x400aa000                vector855
                0x400aa000                vector963
                0x400aa000                vector921
                0x400aa000                vector700
                0x400aa000                vector486
                0x400aa000                vector465
                0x400aa000                vector898
                0x400aa000                vector789
                0x400aa000                vector301
                0x400aa000                vector730
                0x400aa000                vector297
                0x400aa000                vector667
                0x400aa000                vector526
                0x400aa000                vector176
                0x400aa000                vector857
                0x400aa000                vector544
                0x400aa000                vector194
                0x400aa000                vector396
                0x400aa000                vector402
                0x400aa000                vector482
                0x400aa000                vector438
                0x400aa000                vector573
                0x400aa000                vector707
                0x400aa000                vector784
                0x400aa000                vector32
                0x400aa000                vector693
                0x400aa000                vector951
                0x400aa000                vector775
                0x400aa000                vector622
                0x400aa000                vector252
                0x400aa000                vector0
                0x400aa000                vector828
                0x400aa000                vector131
                0x400aa000                vector589
                0x400aa000                vector810
                0x400aa000                vector549
                0x400aa000                vector199
                0x400aa000                vector741
                0x400aa000                vector448
                0x400aa000                vector331
                0x400aa000                vector705
                0x400aa000                vector858
                0x400aa000                vector895
                0x400aa000                vector483
                0x400aa000                vector813
                0x400aa000                vector702
                0x400aa000                vector391
                0x400aa000                vector313
                0x400aa000                vector409
                0x400aa000                vector645
                0x400aa000                vector275
                0x400aa000                vector793
                0x400aa000                vector440
                0x400aa000                vector840
                0x400aa000                vector324
                0x400aa000                vector981
                0x400aa000                vector356
                0x400aa000                vector588
                0x400aa000                vector660
                0x400aa000                vector290
                0x400aa000                vector629
                0x400aa000                vector259
                0x400aa000                vector196
                0x400aa000                vector546
                0x400aa000                vector216
                0x400aa000                vector26
                0x400aa000                vector875
                0x400aa000                vector543
                0x400aa000                vector193
                0x400aa000                vector1016
                0x400aa000                vector125
                0x400aa000                vector885
                0x400aa000                vector778
                0x400aa000                vector614
                0x400aa000                vector1006
                0x400aa000                vector140
                0x400aa000                vector498
                0x400aa000                vector733
                0x400aa000                vector305
                0x400aa000                vector240
                0x400aa000                vector791
                0x400aa000                vector19
                0x400aa000                vector453
                0x400aa000                vector846
                0x400aa000                vector806
                0x400aa000                vector797
                0x400aa000                vector45
                0x400aa000                vector518
                0x400aa000                vector168
                0x400aa000                vector592
                0x400aa000                vector871
                0x400aa000                vector35
                0x400aa000                vector39
                0x400aa000                vector428
                0x400aa000                vector229
                0x400aa000                vector508
                0x400aa000                vector158
                0x400aa000                vector752
                0x400aa000                vector673
                0x400aa000                vector209
                0x400aa000                vector369
                0x400aa000                vector856
                0x400aa000                vector672
                0x400aa000                vector576
                0x400aa000                vector899
                0x400aa000                vector47
                0x400aa000                vector212
                0x400aa000                vector159
                0x400aa000                vector574
                0x400aa000                vector825
                0x400aa000                vector533
                0x400aa000                vector183
                0x400aa000                vector509
                0x400aa000                vector948
                0x400aa000                vector228
                0x400aa000                vector42
                0x400aa000                vector958
                0x400aa000                vector377
                0x400aa000                vector130
                0x400aa000                vector788
                0x400aa000                vector616
                0x400aa000                vector913
                0x400aa000                vector143
                0x400aa000                vector334
                0x400aa000                vector901
                0x400aa000                vector674
                0x400aa000                vector525
                0x400aa000                vector175
                0x400aa000                vector558
                0x400aa000                vector801
                0x400aa000                vector890
                0x400aa000                vector706
                0x400aa000                vector399
                0x400aa000                vector1004
                0x400aa000                vector832
                0x400aa000                vector395
                0x400aa000                vector4
                0x400aa000                vector691
                0x400aa000                vector433
                0x400aa000                vector917
                0x400aa000                vector852
                0x400aa000                vector478
                0x400aa000                vector965
                0x400aa000                vector520
                0x400aa000                vector170
                0x400aa000                vector136
                0x400aa000                vector400
                0x400aa000                vector317
                0x400aa000                vector371
                0x400aa000                vector531
                0x400aa000                vector181
                0x400aa000                vector255
                0x400aa000                vector625
                0x400aa000                vector10
                0x400aa000                vector808
                0x400aa000                vector206
                0x400aa000                vector560
                0x400aa000                vector922
                0x400aa000                vector884

constructors    0x400aa004        0x0
                [!provide]                PROVIDE (__init_array_start, .)
 *(SORT(.init_array.*))
 *(.init_array)
                [!provide]                PROVIDE (__init_array_end, .)

destructors     0x400aa004        0x0
                [!provide]                PROVIDE (__fini_array_start, .)
 *(.fini_array)
 *(SORT(.fini_array.*))
                [!provide]                PROVIDE (__fini_array_end, .)

.text_vle
 *(.text_vle)
 *(.text_vle.*)
 *(.gnu.linkonce.t_vle.*)

.text           0x400aa010     0xa236
 *(.text)
 .text          0x400aa010       0x56 c:/spc5studio-6.0/eclipse/plugins/com.st.tools.spc5.tools.gnu.gcc.ppcvle.win32_4.9.4.20200908161514/toolchain/bin/../lib/gcc/powerpc-eabivle/4.9.4/e200z4\libgcc.a(_fixunsdfsi.o)
                0x400aa010                __fixunsdfsi
 *fill*         0x400aa066        0xa 
 .text          0x400aa070      0x242 c:/spc5studio-6.0/eclipse/plugins/com.st.tools.spc5.tools.gnu.gcc.ppcvle.win32_4.9.4.20200908161514/toolchain/bin/../lib/gcc/powerpc-eabivle/4.9.4/e200z4\libgcc.a(_addsub_sf.o)
                0x400aa214                __addsf3
                0x400aa260                __subsf3
 *fill*         0x400aa2b2        0xe 
 .text          0x400aa2c0      0x17e c:/spc5studio-6.0/eclipse/plugins/com.st.tools.spc5.tools.gnu.gcc.ppcvle.win32_4.9.4.20200908161514/toolchain/bin/../lib/gcc/powerpc-eabivle/4.9.4/e200z4\libgcc.a(_mul_sf.o)
                0x400aa2c0                __mulsf3
 *fill*         0x400aa43e        0x2 
 .text          0x400aa440       0x5a c:/spc5studio-6.0/eclipse/plugins/com.st.tools.spc5.tools.gnu.gcc.ppcvle.win32_4.9.4.20200908161514/toolchain/bin/../lib/gcc/powerpc-eabivle/4.9.4/e200z4\libgcc.a(_gt_sf.o)
                0x400aa440                __gtsf2
 *fill*         0x400aa49a        0x6 
 .text          0x400aa4a0       0x38 c:/spc5studio-6.0/eclipse/plugins/com.st.tools.spc5.tools.gnu.gcc.ppcvle.win32_4.9.4.20200908161514/toolchain/bin/../lib/gcc/powerpc-eabivle/4.9.4/e200z4\libgcc.a(_sf_to_df.o)
                0x400aa4a0                __extendsfdf2
 *fill*         0x400aa4d8        0x8 
 .text          0x400aa4e0       0x84 c:/spc5studio-6.0/eclipse/plugins/com.st.tools.spc5.tools.gnu.gcc.ppcvle.win32_4.9.4.20200908161514/toolchain/bin/../lib/gcc/powerpc-eabivle/4.9.4/e200z4\libgcc.a(_usi_to_sf.o)
                0x400aa4e0                __floatunsisf
 *fill*         0x400aa564        0xc 
 .text          0x400aa570      0x376 c:/spc5studio-6.0/eclipse/plugins/com.st.tools.spc5.tools.gnu.gcc.ppcvle.win32_4.9.4.20200908161514/toolchain/bin/../lib/gcc/powerpc-eabivle/4.9.4/e200z4\libgcc.a(_addsub_df.o)
                0x400aa828                __adddf3
                0x400aa884                __subdf3
 *fill*         0x400aa8e6        0xa 
 .text          0x400aa8f0      0x264 c:/spc5studio-6.0/eclipse/plugins/com.st.tools.spc5.tools.gnu.gcc.ppcvle.win32_4.9.4.20200908161514/toolchain/bin/../lib/gcc/powerpc-eabivle/4.9.4/e200z4\libgcc.a(_mul_df.o)
                0x400aa8f0                __muldf3
 *fill*         0x400aab54        0xc 
 .text          0x400aab60      0x17e c:/spc5studio-6.0/eclipse/plugins/com.st.tools.spc5.tools.gnu.gcc.ppcvle.win32_4.9.4.20200908161514/toolchain/bin/../lib/gcc/powerpc-eabivle/4.9.4/e200z4\libgcc.a(_div_df.o)
                0x400aab60                __divdf3
 *fill*         0x400aacde        0x2 
 .text          0x400aace0       0x64 c:/spc5studio-6.0/eclipse/plugins/com.st.tools.spc5.tools.gnu.gcc.ppcvle.win32_4.9.4.20200908161514/toolchain/bin/../lib/gcc/powerpc-eabivle/4.9.4/e200z4\libgcc.a(_ge_df.o)
                0x400aace0                __gedf2
 *fill*         0x400aad44        0xc 
 .text          0x400aad50       0x80 c:/spc5studio-6.0/eclipse/plugins/com.st.tools.spc5.tools.gnu.gcc.ppcvle.win32_4.9.4.20200908161514/toolchain/bin/../lib/gcc/powerpc-eabivle/4.9.4/e200z4\libgcc.a(_si_to_df.o)
                0x400aad50                __floatsidf
 .text          0x400aadd0       0xa4 c:/spc5studio-6.0/eclipse/plugins/com.st.tools.spc5.tools.gnu.gcc.ppcvle.win32_4.9.4.20200908161514/toolchain/bin/../lib/gcc/powerpc-eabivle/4.9.4/e200z4\libgcc.a(_df_to_si.o)
                0x400aadd0                __fixdfsi
 *fill*         0x400aae74        0xc 
 .text          0x400aae80       0x26 c:/spc5studio-6.0/eclipse/plugins/com.st.tools.spc5.tools.gnu.gcc.ppcvle.win32_4.9.4.20200908161514/toolchain/bin/../lib/gcc/powerpc-eabivle/4.9.4/e200z4\libgcc.a(_make_df.o)
                0x400aae80                __make_dp
 *fill*         0x400aaea6        0xa 
 .text          0x400aaeb0       0x46 c:/spc5studio-6.0/eclipse/plugins/com.st.tools.spc5.tools.gnu.gcc.ppcvle.win32_4.9.4.20200908161514/toolchain/bin/../lib/gcc/powerpc-eabivle/4.9.4/e200z4\libgcc.a(_df_to_sf.o)
                0x400aaeb0                __truncdfsf2
 *fill*         0x400aaef6        0xa 
 .text          0x400aaf00      0x118 c:/spc5studio-6.0/eclipse/plugins/com.st.tools.spc5.tools.gnu.gcc.ppcvle.win32_4.9.4.20200908161514/toolchain/bin/../lib/gcc/powerpc-eabivle/4.9.4/e200z4\libgcc.a(_pack_sf.o)
                0x400aaf00                __pack_f
 *fill*         0x400ab018        0x8 
 .text          0x400ab020       0x80 c:/spc5studio-6.0/eclipse/plugins/com.st.tools.spc5.tools.gnu.gcc.ppcvle.win32_4.9.4.20200908161514/toolchain/bin/../lib/gcc/powerpc-eabivle/4.9.4/e200z4\libgcc.a(_unpack_sf.o)
                0x400ab020                __unpack_f
 .text          0x400ab0a0       0xa2 c:/spc5studio-6.0/eclipse/plugins/com.st.tools.spc5.tools.gnu.gcc.ppcvle.win32_4.9.4.20200908161514/toolchain/bin/../lib/gcc/powerpc-eabivle/4.9.4/e200z4\libgcc.a(_fpcmp_parts_sf.o)
                0x400ab0a0                __fpcmp_parts_f
 *fill*         0x400ab142        0xe 
 .text          0x400ab150       0x20 c:/spc5studio-6.0/eclipse/plugins/com.st.tools.spc5.tools.gnu.gcc.ppcvle.win32_4.9.4.20200908161514/toolchain/bin/../lib/gcc/powerpc-eabivle/4.9.4/e200z4\libgcc.a(_make_sf.o)
                0x400ab150                __make_fp
 .text          0x400ab170      0x1fc c:/spc5studio-6.0/eclipse/plugins/com.st.tools.spc5.tools.gnu.gcc.ppcvle.win32_4.9.4.20200908161514/toolchain/bin/../lib/gcc/powerpc-eabivle/4.9.4/e200z4\libgcc.a(_pack_df.o)
                0x400ab170                __pack_d
 *fill*         0x400ab36c        0x4 
 .text          0x400ab370       0xb0 c:/spc5studio-6.0/eclipse/plugins/com.st.tools.spc5.tools.gnu.gcc.ppcvle.win32_4.9.4.20200908161514/toolchain/bin/../lib/gcc/powerpc-eabivle/4.9.4/e200z4\libgcc.a(_unpack_df.o)
                0x400ab370                __unpack_d
 .text          0x400ab420       0xba c:/spc5studio-6.0/eclipse/plugins/com.st.tools.spc5.tools.gnu.gcc.ppcvle.win32_4.9.4.20200908161514/toolchain/bin/../lib/gcc/powerpc-eabivle/4.9.4/e200z4\libgcc.a(_fpcmp_parts_df.o)
                0x400ab420                __fpcmp_parts_d
 *(.text.*)
 *fill*         0x400ab4da        0x6 
 .text.spc5LLDInit
                0x400ab4e0       0x18 build/obj/spc5_lld.o
                0x400ab4e0                spc5LLDInit
 *fill*         0x400ab4f8        0x8 
 .text.vector52
                0x400ab500      0x242 build/obj/spc5_edma.o
                0x400ab500                vector52
 *fill*         0x400ab742        0xe 
 .text.vector53
                0x400ab750       0x60 build/obj/spc5_edma.o
                0x400ab750                vector53
 .text.vector54
                0x400ab7b0       0x60 build/obj/spc5_edma.o
                0x400ab7b0                vector54
 .text.vector55
                0x400ab810       0x60 build/obj/spc5_edma.o
                0x400ab810                vector55
 .text.vector56
                0x400ab870       0x60 build/obj/spc5_edma.o
                0x400ab870                vector56
 .text.vector57
                0x400ab8d0       0x60 build/obj/spc5_edma.o
                0x400ab8d0                vector57
 .text.vector58
                0x400ab930       0x60 build/obj/spc5_edma.o
                0x400ab930                vector58
 .text.vector59
                0x400ab990       0x60 build/obj/spc5_edma.o
                0x400ab990                vector59
 .text.vector60
                0x400ab9f0       0x60 build/obj/spc5_edma.o
                0x400ab9f0                vector60
 .text.vector61
                0x400aba50       0x60 build/obj/spc5_edma.o
                0x400aba50                vector61
 .text.vector62
                0x400abab0       0x60 build/obj/spc5_edma.o
                0x400abab0                vector62
 .text.vector63
                0x400abb10       0x60 build/obj/spc5_edma.o
                0x400abb10                vector63
 .text.vector64
                0x400abb70       0x60 build/obj/spc5_edma.o
                0x400abb70                vector64
 .text.vector65
                0x400abbd0       0x60 build/obj/spc5_edma.o
                0x400abbd0                vector65
 .text.vector66
                0x400abc30       0x60 build/obj/spc5_edma.o
                0x400abc30                vector66
 .text.vector67
                0x400abc90       0x60 build/obj/spc5_edma.o
                0x400abc90                vector67
 .text.vector68
                0x400abcf0       0x60 build/obj/spc5_edma.o
                0x400abcf0                vector68
 .text.vector69
                0x400abd50       0x66 build/obj/spc5_edma.o
                0x400abd50                vector69
 *fill*         0x400abdb6        0xa 
 .text.vector70
                0x400abdc0       0x66 build/obj/spc5_edma.o
                0x400abdc0                vector70
 *fill*         0x400abe26        0xa 
 .text.vector71
                0x400abe30       0x66 build/obj/spc5_edma.o
                0x400abe30                vector71
 *fill*         0x400abe96        0xa 
 .text.vector72
                0x400abea0       0x66 build/obj/spc5_edma.o
                0x400abea0                vector72
 *fill*         0x400abf06        0xa 
 .text.vector73
                0x400abf10       0x66 build/obj/spc5_edma.o
                0x400abf10                vector73
 *fill*         0x400abf76        0xa 
 .text.vector74
                0x400abf80       0x66 build/obj/spc5_edma.o
                0x400abf80                vector74
 *fill*         0x400abfe6        0xa 
 .text.vector75
                0x400abff0       0x66 build/obj/spc5_edma.o
                0x400abff0                vector75
 *fill*         0x400ac056        0xa 
 .text.vector76
                0x400ac060       0x66 build/obj/spc5_edma.o
                0x400ac060                vector76
 *fill*         0x400ac0c6        0xa 
 .text.vector77
                0x400ac0d0       0x66 build/obj/spc5_edma.o
                0x400ac0d0                vector77
 *fill*         0x400ac136        0xa 
 .text.vector78
                0x400ac140       0x66 build/obj/spc5_edma.o
                0x400ac140                vector78
 *fill*         0x400ac1a6        0xa 
 .text.vector79
                0x400ac1b0       0x66 build/obj/spc5_edma.o
                0x400ac1b0                vector79
 *fill*         0x400ac216        0xa 
 .text.vector80
                0x400ac220       0x66 build/obj/spc5_edma.o
                0x400ac220                vector80
 *fill*         0x400ac286        0xa 
 .text.vector81
                0x400ac290       0x66 build/obj/spc5_edma.o
                0x400ac290                vector81
 *fill*         0x400ac2f6        0xa 
 .text.vector82
                0x400ac300       0x66 build/obj/spc5_edma.o
                0x400ac300                vector82
 *fill*         0x400ac366        0xa 
 .text.vector83
                0x400ac370       0x66 build/obj/spc5_edma.o
                0x400ac370                vector83
 *fill*         0x400ac3d6        0xa 
 .text.vector84
                0x400ac3e0       0x66 build/obj/spc5_edma.o
                0x400ac3e0                vector84
 *fill*         0x400ac446        0xa 
 .text.vector85
                0x400ac450       0x66 build/obj/spc5_edma.o
                0x400ac450                vector85
 *fill*         0x400ac4b6        0xa 
 .text.vector86
                0x400ac4c0       0x66 build/obj/spc5_edma.o
                0x400ac4c0                vector86
 *fill*         0x400ac526        0xa 
 .text.vector87
                0x400ac530       0x66 build/obj/spc5_edma.o
                0x400ac530                vector87
 *fill*         0x400ac596        0xa 
 .text.vector88
                0x400ac5a0       0x66 build/obj/spc5_edma.o
                0x400ac5a0                vector88
 *fill*         0x400ac606        0xa 
 .text.vector89
                0x400ac610       0x66 build/obj/spc5_edma.o
                0x400ac610                vector89
 *fill*         0x400ac676        0xa 
 .text.vector90
                0x400ac680       0x66 build/obj/spc5_edma.o
                0x400ac680                vector90
 *fill*         0x400ac6e6        0xa 
 .text.vector91
                0x400ac6f0       0x66 build/obj/spc5_edma.o
                0x400ac6f0                vector91
 *fill*         0x400ac756        0xa 
 .text.vector92
                0x400ac760       0x66 build/obj/spc5_edma.o
                0x400ac760                vector92
 *fill*         0x400ac7c6        0xa 
 .text.vector93
                0x400ac7d0       0x66 build/obj/spc5_edma.o
                0x400ac7d0                vector93
 *fill*         0x400ac836        0xa 
 .text.vector94
                0x400ac840       0x66 build/obj/spc5_edma.o
                0x400ac840                vector94
 *fill*         0x400ac8a6        0xa 
 .text.vector95
                0x400ac8b0       0x66 build/obj/spc5_edma.o
                0x400ac8b0                vector95
 *fill*         0x400ac916        0xa 
 .text.vector96
                0x400ac920       0x66 build/obj/spc5_edma.o
                0x400ac920                vector96
 *fill*         0x400ac986        0xa 
 .text.vector97
                0x400ac990       0x66 build/obj/spc5_edma.o
                0x400ac990                vector97
 *fill*         0x400ac9f6        0xa 
 .text.vector98
                0x400aca00       0x66 build/obj/spc5_edma.o
                0x400aca00                vector98
 *fill*         0x400aca66        0xa 
 .text.vector99
                0x400aca70       0x66 build/obj/spc5_edma.o
                0x400aca70                vector99
 *fill*         0x400acad6        0xa 
 .text.vector100
                0x400acae0       0x66 build/obj/spc5_edma.o
                0x400acae0                vector100
 *fill*         0x400acb46        0xa 
 .text.vector101
                0x400acb50       0x66 build/obj/spc5_edma.o
                0x400acb50                vector101
 *fill*         0x400acbb6        0xa 
 .text.vector102
                0x400acbc0       0x66 build/obj/spc5_edma.o
                0x400acbc0                vector102
 *fill*         0x400acc26        0xa 
 .text.vector103
                0x400acc30       0x66 build/obj/spc5_edma.o
                0x400acc30                vector103
 *fill*         0x400acc96        0xa 
 .text.vector104
                0x400acca0       0x66 build/obj/spc5_edma.o
                0x400acca0                vector104
 *fill*         0x400acd06        0xa 
 .text.vector105
                0x400acd10       0x66 build/obj/spc5_edma.o
                0x400acd10                vector105
 *fill*         0x400acd76        0xa 
 .text.vector106
                0x400acd80       0x66 build/obj/spc5_edma.o
                0x400acd80                vector106
 *fill*         0x400acde6        0xa 
 .text.vector107
                0x400acdf0       0x66 build/obj/spc5_edma.o
                0x400acdf0                vector107
 *fill*         0x400ace56        0xa 
 .text.vector108
                0x400ace60       0x66 build/obj/spc5_edma.o
                0x400ace60                vector108
 *fill*         0x400acec6        0xa 
 .text.vector109
                0x400aced0       0x66 build/obj/spc5_edma.o
                0x400aced0                vector109
 *fill*         0x400acf36        0xa 
 .text.vector110
                0x400acf40       0x66 build/obj/spc5_edma.o
                0x400acf40                vector110
 *fill*         0x400acfa6        0xa 
 .text.vector111
                0x400acfb0       0x66 build/obj/spc5_edma.o
                0x400acfb0                vector111
 *fill*         0x400ad016        0xa 
 .text.vector112
                0x400ad020       0x66 build/obj/spc5_edma.o
                0x400ad020                vector112
 *fill*         0x400ad086        0xa 
 .text.vector113
                0x400ad090       0x66 build/obj/spc5_edma.o
                0x400ad090                vector113
 *fill*         0x400ad0f6        0xa 
 .text.vector114
                0x400ad100       0x66 build/obj/spc5_edma.o
                0x400ad100                vector114
 *fill*         0x400ad166        0xa 
 .text.vector115
                0x400ad170       0x66 build/obj/spc5_edma.o
                0x400ad170                vector115
 *fill*         0x400ad1d6        0xa 
 .text.vector116
                0x400ad1e0       0x66 build/obj/spc5_edma.o
                0x400ad1e0                vector116
 *fill*         0x400ad246        0xa 
 .text.edmaInit
                0x400ad250      0x154 build/obj/spc5_edma.o
                0x400ad250                edmaInit
 *fill*         0x400ad3a4        0xc 
 .text.can_lld_readBuffer
                0x400ad3b0      0x26e build/obj/can_lld.o
                0x400ad3b0                can_lld_readBuffer
 *fill*         0x400ad61e        0x2 
 .text.can_lld_writeTxBuffer
                0x400ad620      0x1f8 build/obj/can_lld.o
                0x400ad620                can_lld_writeTxBuffer
 *fill*         0x400ad818        0x8 
 .text.can_lld_getframesize
                0x400ad820       0x7c build/obj/can_lld.o
                0x400ad820                can_lld_getframesize
 *fill*         0x400ad89c        0x4 
 .text.can_lld_getDLC
                0x400ad8a0      0x118 build/obj/can_lld.o
                0x400ad8a0                can_lld_getDLC
 *fill*         0x400ad9b8        0x8 
 .text.can_lld_l0_handler
                0x400ad9c0      0x834 build/obj/can_lld.o
 *fill*         0x400ae1f4        0xc 
 .text.can_lld_l1_handler
                0x400ae200      0x78c build/obj/can_lld.o
 *fill*         0x400ae98c        0x4 
 .text.vector688
                0x400ae990       0x1c build/obj/can_lld.o
                0x400ae990                vector688
 *fill*         0x400ae9ac        0x4 
 .text.vector689
                0x400ae9b0       0x1c build/obj/can_lld.o
                0x400ae9b0                vector689
 *fill*         0x400ae9cc        0x4 
 .text.vector694
                0x400ae9d0       0x1c build/obj/can_lld.o
                0x400ae9d0                vector694
 *fill*         0x400ae9ec        0x4 
 .text.vector695
                0x400ae9f0       0x1c build/obj/can_lld.o
                0x400ae9f0                vector695
 *fill*         0x400aea0c        0x4 
 .text.can_lld_init
                0x400aea10      0x10a build/obj/can_lld.o
                0x400aea10                can_lld_init
 *fill*         0x400aeb1a        0x6 
 .text.can_lld_start
                0x400aeb20      0xd86 build/obj/can_lld.o
                0x400aeb20                can_lld_start
 *fill*         0x400af8a6        0xa 
 .text.can_lld_transmit
                0x400af8b0      0x2f6 build/obj/can_lld.o
                0x400af8b0                can_lld_transmit
 *fill*         0x400afba6        0xa 
 .text.vListInitialise
                0x400afbb0       0x34 build/obj/list.o
                0x400afbb0                vListInitialise
 *fill*         0x400afbe4        0xc 
 .text.vListInitialiseItem
                0x400afbf0       0x10 build/obj/list.o
                0x400afbf0                vListInitialiseItem
 .text.vListInsertEnd
                0x400afc00       0x40 build/obj/list.o
                0x400afc00                vListInsertEnd
 .text.vListInsert
                0x400afc40       0x8e build/obj/list.o
                0x400afc40                vListInsert
 *fill*         0x400afcce        0x2 
 .text.uxListRemove
                0x400afcd0       0x5e build/obj/list.o
                0x400afcd0                uxListRemove
 *fill*         0x400afd2e        0x2 
 .text.xTaskCreate
                0x400afd30       0xd0 build/obj/tasks.o
                0x400afd30                xTaskCreate
 .text.prvInitialiseNewTask
                0x400afe00      0x18a build/obj/tasks.o
 *fill*         0x400aff8a        0x6 
 .text.prvAddNewTaskToReadyList
                0x400aff90      0x16c build/obj/tasks.o
 *fill*         0x400b00fc        0x4 
 .text.vTaskDelayUntil
                0x400b0100      0x108 build/obj/tasks.o
                0x400b0100                vTaskDelayUntil
 *fill*         0x400b0208        0x8 
 .text.vTaskDelay
                0x400b0210       0x5a build/obj/tasks.o
                0x400b0210                vTaskDelay
 *fill*         0x400b026a        0x6 
 .text.vTaskStartScheduler
                0x400b0270       0x72 build/obj/tasks.o
                0x400b0270                vTaskStartScheduler
 *fill*         0x400b02e2        0xe 
 .text.vTaskSuspendAll
                0x400b02f0       0x16 build/obj/tasks.o
                0x400b02f0                vTaskSuspendAll
 *fill*         0x400b0306        0xa 
 .text.xTaskResumeAll
                0x400b0310      0x1e8 build/obj/tasks.o
                0x400b0310                xTaskResumeAll
 *fill*         0x400b04f8        0x8 
 .text.xTaskGetTickCount
                0x400b0500       0x26 build/obj/tasks.o
                0x400b0500                xTaskGetTickCount
 *fill*         0x400b0526        0xa 
 .text.xTaskIncrementTick
                0x400b0530      0x246 build/obj/tasks.o
                0x400b0530                xTaskIncrementTick
 *fill*         0x400b0776        0xa 
 .text.vTaskSwitchContext
                0x400b0780       0xe0 build/obj/tasks.o
                0x400b0780                vTaskSwitchContext
 .text.prvIdleTask
                0x400b0860       0x34 build/obj/tasks.o
 *fill*         0x400b0894        0xc 
 .text.prvInitialiseTaskLists
                0x400b08a0       0xa0 build/obj/tasks.o
 .text.prvCheckTasksWaitingTermination
                0x400b0940        0x2 build/obj/tasks.o
 *fill*         0x400b0942        0xe 
 .text.prvResetNextTaskUnblockTime
                0x400b0950       0x50 build/obj/tasks.o
 .text.vTaskEnterCritical
                0x400b09a0       0x3e build/obj/tasks.o
                0x400b09a0                vTaskEnterCritical
 *fill*         0x400b09de        0x2 
 .text.vTaskExitCritical
                0x400b09e0       0x7c build/obj/tasks.o
                0x400b09e0                vTaskExitCritical
 *fill*         0x400b0a5c        0x4 
 .text.prvAddCurrentTaskToDelayedList
                0x400b0a60      0x10a build/obj/tasks.o
 *fill*         0x400b0b6a        0x6 
 .text.pxPortInitialiseStack
                0x400b0b70      0x262 build/obj/port.o
                0x400b0b70                pxPortInitialiseStack
 *fill*         0x400b0dd2        0xe 
 .text.xPortStartScheduler
                0x400b0de0       0x1c build/obj/port.o
                0x400b0de0                xPortStartScheduler
 *fill*         0x400b0dfc        0x4 
 .text.prvPortTimerSetup
                0x400b0e00       0x18 build/obj/port.o
                0x400b0e00                prvPortTimerSetup
 *fill*         0x400b0e18        0x8 
 .text.vPortTimerReset
                0x400b0e20       0x14 build/obj/port.o
                0x400b0e20                vPortTimerReset
 *fill*         0x400b0e34        0xc 
 .text.vector226
                0x400b0e40       0x1c build/obj/port.o
                0x400b0e40                vector226
 *fill*         0x400b0e5c        0x4 
 .text.pvPortMalloc
                0x400b0e60      0x210 build/obj/heap_4.o
                0x400b0e60                pvPortMalloc
 .text.vPortFree
                0x400b1070       0xb4 build/obj/heap_4.o
                0x400b1070                vPortFree
 *fill*         0x400b1124        0xc 
 .text.prvHeapInit
                0x400b1130       0xe6 build/obj/heap_4.o
 *fill*         0x400b1216        0xa 
 .text.prvInsertBlockIntoFreeList
                0x400b1220      0x104 build/obj/heap_4.o
 *fill*         0x400b1324        0xc 
 .text.pal_init
                0x400b1330      0x14c build/obj/pal.o
                0x400b1330                pal_init
 *fill*         0x400b147c        0x4 
 .text.spc_clear_fccu_rgm
                0x400b1480      0x128 build/obj/clock.o
 *fill*         0x400b15a8        0x8 
 .text.SPCSetPFlashController
                0x400b15b0      0x18c build/obj/clock.o
 *fill*         0x400b173c        0x4 
 .text.SPCSetPRamController
                0x400b1740       0xc2 build/obj/clock.o
 *fill*         0x400b1802        0xe 
 .text.clockInit
                0x400b1810       0x32 build/obj/clock.o
                0x400b1810                clockInit
 *fill*         0x400b1842        0xe 
 .text.spc_clock_init
                0x400b1850      0x432 build/obj/clock.o
                0x400b1850                spc_clock_init
 *fill*         0x400b1c82        0xe 
 .text.__early_init
                0x400b1c90       0x14 build/obj/clock.o
                0x400b1c90                __early_init
 *fill*         0x400b1ca4        0xc 
 .text.SPCSetRunMode
                0x400b1cb0       0x86 build/obj/clock.o
                0x400b1cb0                SPCSetRunMode
 *fill*         0x400b1d36        0xa 
 .text.SPCSetPeripheralClockMode
                0x400b1d40       0x62 build/obj/clock.o
                0x400b1d40                SPCSetPeripheralClockMode
 *fill*         0x400b1da2        0xe 
 .text.irqInit  0x400b1db0       0x3c build/obj/irq.o
                0x400b1db0                irqInit
 *fill*         0x400b1dec        0x4 
 .text.irqSysHalt
                0x400b1df0        0x8 build/obj/irq.o
                0x400b1df0                irqSysHalt
 *fill*         0x400b1df8        0x8 
 .text.manage_eirq_interrupt
                0x400b1e00       0xc8 build/obj/eirq.o
                0x400b1e00                manage_eirq_interrupt
 *fill*         0x400b1ec8        0x8 
 .text.vector243
                0x400b1ed0       0x7a build/obj/eirq.o
                0x400b1ed0                vector243
 *fill*         0x400b1f4a        0x6 
 .text.vector244
                0x400b1f50       0x7a build/obj/eirq.o
                0x400b1f50                vector244
 *fill*         0x400b1fca        0x6 
 .text.vector245
                0x400b1fd0       0x7a build/obj/eirq.o
                0x400b1fd0                vector245
 *fill*         0x400b204a        0x6 
 .text.vector246
                0x400b2050       0x7a build/obj/eirq.o
                0x400b2050                vector246
 *fill*         0x400b20ca        0x6 
 .text.eirqInit
                0x400b20d0      0x17a build/obj/eirq.o
                0x400b20d0                eirqInit
 *fill*         0x400b224a        0x6 
 .text.swirqInit
                0x400b2250       0x14 build/obj/swirq.o
                0x400b2250                swirqInit
 *fill*         0x400b2264        0xc 
 .text.osalSysTimeSetup
                0x400b2270       0x2c build/obj/osal.o
                0x400b2270                osalSysTimeSetup
 *fill*         0x400b229c        0x4 
 .text.osalSysTimeReset
                0x400b22a0       0x14 build/obj/osal.o
                0x400b22a0                osalSysTimeReset
 *fill*         0x400b22b4        0xc 
 .text.osalInit
                0x400b22c0       0x68 build/obj/osal.o
                0x400b22c0                osalInit
 *fill*         0x400b2328        0x8 
 .text.sysTimeSetup
                0x400b2330       0x76 build/obj/systimer.o
                0x400b2330                sysTimeSetup
 *fill*         0x400b23a6        0xa 
 .text.sysTimeReset
                0x400b23b0       0x2e build/obj/systimer.o
                0x400b23b0                sysTimeReset
 *fill*         0x400b23de        0x2 
 .text.boardInit
                0x400b23e0       0x1c build/obj/board.o
                0x400b23e0                boardInit
 *fill*         0x400b23fc        0x4 
 .text.irq_cfg_init
                0x400b2400        0x2 build/obj/irq_cfg.o
                0x400b2400                irq_cfg_init
 *fill*         0x400b2402        0xe 
 .text.swirq_init_prio
                0x400b2410        0x2 build/obj/swirq_cfg.o
                0x400b2410                swirq_init_prio
 *fill*         0x400b2412        0xe 
 .text.can_start
                0x400b2420       0x38 build/obj/main.o
                0x400b2420                can_start
 *fill*         0x400b2458        0x8 
 .text.vTaskh303
                0x400b2460      0x1f2 build/obj/main.o
                0x400b2460                vTaskh303
 *fill*         0x400b2652        0xe 
 .text.main     0x400b2660       0xb4 build/obj/main.o
                0x400b2660                main
 *fill*         0x400b2714        0xc 
 .text.can1_Can1new
                0x400b2720      0x4a4 build/obj/main.o
                0x400b2720                can1_Can1new
 *fill*         0x400b2bc4        0xc 
 .text.can4_Can4rx_new
                0x400b2bd0      0x49e build/obj/main.o
                0x400b2bd0                can4_Can4rx_new
 *fill*         0x400b306e        0x2 
 .text.can1_can1rx
                0x400b3070       0x44 build/obj/main.o
                0x400b3070                can1_can1rx
 *fill*         0x400b30b4        0xc 
 .text.can4_can4rx
                0x400b30c0       0x1e build/obj/main.o
                0x400b30c0                can4_can4rx
 *fill*         0x400b30de        0x2 
 .text.Crc_CalculateCRC8H2F
                0x400b30e0      0x882 build/obj/crc.o
                0x400b30e0                Crc_CalculateCRC8H2F
 *fill*         0x400b3962        0xe 
 .text.converto1byteorder
                0x400b3970       0x82 build/obj/crc.o
                0x400b3970                converto1byteorder
 *fill*         0x400b39f2        0xe 
 .text.converto4byteorder
                0x400b3a00       0x82 build/obj/crc.o
                0x400b3a00                converto4byteorder
 *fill*         0x400b3a82        0xe 
 .text.GetSteeringWheelAngle
                0x400b3a90       0xa2 build/obj/CANparse.o
                0x400b3a90                GetSteeringWheelAngle
 *fill*         0x400b3b32        0xe 
 .text.GetSteeringWheelRate
                0x400b3b40       0x88 build/obj/CANparse.o
                0x400b3b40                GetSteeringWheelRate
 *fill*         0x400b3bc8        0x8 
 .text.GetTargetMotorTorqueFiltered
                0x400b3bd0       0x3e build/obj/CANparse.o
                0x400b3bd0                GetTargetMotorTorqueFiltered
 *fill*         0x400b3c0e        0x2 
 .text.GetTargetMotorTorqueRaw
                0x400b3c10       0x40 build/obj/CANparse.o
                0x400b3c10                GetTargetMotorTorqueRaw
 .text.GetTargetMotorTorqueTotal
                0x400b3c50       0x3c build/obj/CANparse.o
                0x400b3c50                GetTargetMotorTorqueTotal
 *fill*         0x400b3c8c        0x4 
 .text.GetMotorRPM
                0x400b3c90       0x62 build/obj/CANparse.o
                0x400b3c90                GetMotorRPM
 *fill*         0x400b3cf2        0xe 
 .text.GetTargetGearLevel
                0x400b3d00       0x20 build/obj/CANparse.o
                0x400b3d00                GetTargetGearLevel
 .text.Get_WheelSpeed_FR
                0x400b3d20       0x60 build/obj/CANparse.o
                0x400b3d20                Get_WheelSpeed_FR
 .text.Get_WheelSpeed_FL
                0x400b3d80       0x60 build/obj/CANparse.o
                0x400b3d80                Get_WheelSpeed_FL
 .text.Get_WheelSpeed_BR
                0x400b3de0       0x60 build/obj/CANparse.o
                0x400b3de0                Get_WheelSpeed_BR
 .text.Get_WheelSpeed_BL
                0x400b3e40       0x5e build/obj/CANparse.o
                0x400b3e40                Get_WheelSpeed_BL
 *fill*         0x400b3e9e        0x2 
 .text.GetLateralACC
                0x400b3ea0       0x78 build/obj/CANparse.o
                0x400b3ea0                GetLateralACC
 *fill*         0x400b3f18        0x8 
 .text.GetLongitudinalACC
                0x400b3f20       0x6a build/obj/CANparse.o
                0x400b3f20                GetLongitudinalACC
 *fill*         0x400b3f8a        0x6 
 .text.GetBrakePressure
                0x400b3f90       0x6e build/obj/CANparse.o
                0x400b3f90                GetBrakePressure
 *fill*         0x400b3ffe        0x2 
 .text.GetDriverBrake
                0x400b4000       0x1a build/obj/CANparse.o
                0x400b4000                GetDriverBrake
 *fill*         0x400b401a        0x6 
 .text.GetEPBStatus
                0x400b4020       0x1c build/obj/CANparse.o
                0x400b4020                GetEPBStatus
 *fill*         0x400b403c        0x4 
 .text.GetThrottlePedalRawValue
                0x400b4040       0x56 build/obj/CANparse.o
                0x400b4040                GetThrottlePedalRawValue
 *fill*         0x400b4096        0xa 
 .text.GetBrakePedalPos
                0x400b40a0       0x14 build/obj/CANparse.o
                0x400b40a0                GetBrakePedalPos
 *fill*         0x400b40b4        0xc 
 .text.GetGear  0x400b40c0       0x20 build/obj/CANparse.o
                0x400b40c0                GetGear
 .text.GetGearLevel
                0x400b40e0       0x20 build/obj/CANparse.o
                0x400b40e0                GetGearLevel
 .text.GetKL75status
                0x400b4100       0x1e build/obj/CANparse.o
                0x400b4100                GetKL75status
 *fill*         0x400b411e        0x2 
 .text.GetVehicleMassEst
                0x400b4120       0x22 build/obj/CANparse.o
                0x400b4120                GetVehicleMassEst
 *fill*         0x400b4142        0xe 
 .text.GetPitchVal
                0x400b4150       0x52 build/obj/CANparse.o
                0x400b4150                GetPitchVal
 *fill*         0x400b41a2        0xe 
 .text.GetFuelLevel
                0x400b41b0       0x22 build/obj/CANparse.o
                0x400b41b0                GetFuelLevel
 *fill*         0x400b41d2        0xe 
 .text.componentsInit
                0x400b41e0       0x2c build/obj/components.o
                0x400b41e0                componentsInit
 *fill*         0x400b420c        0x4 
 .text.memcpy   0x400b4210       0x1a c:/spc5studio-6.0/eclipse/plugins/com.st.tools.spc5.tools.gnu.gcc.ppcvle.win32_4.9.4.20200908161514/toolchain/bin/../lib/gcc/powerpc-eabivle/4.9.4/../../../../powerpc-eabivle/lib/e200z4\libc.a(lib_a-memcpy.o)
                0x400b4210                memcpy
                0x400b4210                largememcpy
 *fill*         0x400b422a        0x6 
 .text.memset   0x400b4230       0x16 c:/spc5studio-6.0/eclipse/plugins/com.st.tools.spc5.tools.gnu.gcc.ppcvle.win32_4.9.4.20200908161514/toolchain/bin/../lib/gcc/powerpc-eabivle/4.9.4/../../../../powerpc-eabivle/lib/e200z4\libc.a(lib_a-memset.o)
                0x400b4230                memset
 *(.gnu.linkonce.t.*)

.glink          0x400b4246        0x0
 .glink         0x400b4246        0x0 build/obj/boot.o

.rodata         0x400b4250      0x2b0
 *(.glue_7t)
 *(.glue_7)
 *(.gcc*)
 *(.rodata)
 .rodata        0x400b4250        0x5 build/obj/tasks.o
 *fill*         0x400b4255        0xb 
 .rodata        0x400b4260        0x8 build/obj/main.o
 *fill*         0x400b4268        0x8 
 .rodata        0x400b4270      0x140 build/obj/crc.o
 .rodata        0x400b43b0       0x10 c:/spc5studio-6.0/eclipse/plugins/com.st.tools.spc5.tools.gnu.gcc.ppcvle.win32_4.9.4.20200908161514/toolchain/bin/../lib/gcc/powerpc-eabivle/4.9.4/e200z4\libgcc.a(_thenan_sf.o)
                0x400b43b0                __thenan_sf
 .rodata        0x400b43c0       0x18 c:/spc5studio-6.0/eclipse/plugins/com.st.tools.spc5.tools.gnu.gcc.ppcvle.win32_4.9.4.20200908161514/toolchain/bin/../lib/gcc/powerpc-eabivle/4.9.4/e200z4\libgcc.a(_thenan_df.o)
                0x400b43c0                __thenan_df
 *(.rodata.*)
 *fill*         0x400b43d8        0x8 
 .rodata.can_lld_getframesize
                0x400b43e0       0x1c build/obj/can_lld.o
 *fill*         0x400b43fc        0x4 
 .rodata.crc8H2F_tab
                0x400b4400      0x100 build/obj/crc.o
 *(.rodata1)

.sdata2         0x400b4500        0x0
                0x400bc500                __sdata2_start__ = (. + 0x8000)
 *(.sdata2)
 .sdata2        0x400b4500        0x0 build/obj/boot.o
 *(.sdata2.*)
 *(.gnu.linkonce.s2.*)
 *(.sbss2)
 *(.sbss2.*)
 *(.gnu.linkonce.sb2.*)

.eh_frame_hdr
 *(.eh_frame_hdr)

.eh_frame       0x400b4500        0x0
 *(.eh_frame)
 .eh_frame      0x400b4500        0x0 build/obj/boot.o

.rela.dyn       0x400b4500        0x0
 .rela.iplt     0x400b4500        0x0 build/obj/boot.o
 .rela.vectors  0x400b4500        0x0 build/obj/boot.o
 .rela.text.pxPortInitialiseStack
                0x400b4500        0x0 build/obj/boot.o
 .rela.text.manage_eirq_interrupt
                0x400b4500        0x0 build/obj/boot.o
 .rela.text.eirqInit
                0x400b4500        0x0 build/obj/boot.o
 .rela.data.can_config_can1
                0x400b4500        0x0 build/obj/boot.o
 .rela.data.can_config_can4
                0x400b4500        0x0 build/obj/boot.o
 .rela.text     0x400b4500        0x0 build/obj/boot.o

.romdata        0x400b4500        0x0
                0x400b4500                __romdata_start__ = .

.core0_stacks   0x50800000      0x800
                0x50800000                . = ALIGN (0x8)
                0x50800000                __core0_irq_stack_base__ = .
                0x50800000                . = (. + __core0_irq_stack_size__)
                0x50800000                . = ALIGN (0x8)
                0x50800000                __core0_irq_stack_end__ = .
                0x50800000                __core0_process_stack_base__ = .
                0x50800000                __core0_main_thread_stack_base__ = .
                0x50800800                . = (. + __core0_process_stack_size__)
 *fill*         0x50800000      0x800 
                0x50800800                . = ALIGN (0x8)
                0x50800800                __core0_process_stack_end__ = .
                0x50800800                __core0_main_thread_stack_end__ = .

.core2_stacks   0x52800000     0x1000
                0x52800000                . = ALIGN (0x8)
                0x52800000                __irq_stack_base__ = .
                0x52800000                . = (. + __irq_stack_size__)
                0x52800000                . = ALIGN (0x8)
                0x52800000                __irq_stack_end__ = .
                0x52800000                __process_stack_base__ = .
                0x52800000                __main_thread_stack_base__ = .